18:28:09 **** Build of project ps_termproj_bsp ****
make -k all 
"Running Make include in ps7_cortexa9_0/libsrc/cpu_cortexa9_v2_1/src"
make -C ps7_cortexa9_0/libsrc/cpu_cortexa9_v2_1/src -s include  "SHELL=CMD" "COMPILER=arm-xilinx-eabi-gcc" "ARCHIVER=arm-xilinx-eabi-ar" "COMPILER_FLAGS=  -O2 -c" "EXTRA_COMPILER_FLAGS=-g"
"Running Make include in ps7_cortexa9_0/libsrc/devcfg_v3_2/src"
make -C ps7_cortexa9_0/libsrc/devcfg_v3_2/src -s include  "SHELL=CMD" "COMPILER=arm-xilinx-eabi-gcc" "ARCHIVER=arm-xilinx-eabi-ar" "COMPILER_FLAGS=  -O2 -c" "EXTRA_COMPILER_FLAGS=-g"
"Running Make include in ps7_cortexa9_0/libsrc/dmaps_v2_1/src"
make -C ps7_cortexa9_0/libsrc/dmaps_v2_1/src -s include  "SHELL=CMD" "COMPILER=arm-xilinx-eabi-gcc" "ARCHIVER=arm-xilinx-eabi-ar" "COMPILER_FLAGS=  -O2 -c" "EXTRA_COMPILER_FLAGS=-g"
"Running Make include in ps7_cortexa9_0/libsrc/iicps_v2_3/src"
make -C ps7_cortexa9_0/libsrc/iicps_v2_3/src -s include  "SHELL=CMD" "COMPILER=arm-xilinx-eabi-gcc" "ARCHIVER=arm-xilinx-eabi-ar" "COMPILER_FLAGS=  -O2 -c" "EXTRA_COMPILER_FLAGS=-g"
"Running Make include in ps7_cortexa9_0/libsrc/pushbutton_v1_0/src"
make -C ps7_cortexa9_0/libsrc/pushbutton_v1_0/src -s include  "SHELL=CMD" "COMPILER=arm-xilinx-eabi-gcc" "ARCHIVER=arm-xilinx-eabi-ar" "COMPILER_FLAGS=  -O2 -c" "EXTRA_COMPILER_FLAGS=-g"
"Running Make include in ps7_cortexa9_0/libsrc/pwm_gen_v1_0/src"
make -C ps7_cortexa9_0/libsrc/pwm_gen_v1_0/src -s include  "SHELL=CMD" "COMPILER=arm-xilinx-eabi-gcc" "ARCHIVER=arm-xilinx-eabi-ar" "COMPILER_FLAGS=  -O2 -c" "EXTRA_COMPILER_FLAGS=-g"
"Running Make include in ps7_cortexa9_0/libsrc/scugic_v2_1/src"
make -C ps7_cortexa9_0/libsrc/scugic_v2_1/src -s include  "SHELL=CMD" "COMPILER=arm-xilinx-eabi-gcc" "ARCHIVER=arm-xilinx-eabi-ar" "COMPILER_FLAGS=  -O2 -c" "EXTRA_COMPILER_FLAGS=-g"
"Running Make include in ps7_cortexa9_0/libsrc/scutimer_v2_0/src"
make -C ps7_cortexa9_0/libsrc/scutimer_v2_0/src -s include  "SHELL=CMD" "COMPILER=arm-xilinx-eabi-gcc" "ARCHIVER=arm-xilinx-eabi-ar" "COMPILER_FLAGS=  -O2 -c" "EXTRA_COMPILER_FLAGS=-g"
"Running Make include in ps7_cortexa9_0/libsrc/scuwdt_v2_0/src"
make -C ps7_cortexa9_0/libsrc/scuwdt_v2_0/src -s include  "SHELL=CMD" "COMPILER=arm-xilinx-eabi-gcc" "ARCHIVER=arm-xilinx-eabi-ar" "COMPILER_FLAGS=  -O2 -c" "EXTRA_COMPILER_FLAGS=-g"
"Running Make include in ps7_cortexa9_0/libsrc/seven_seg_v1_0/src"
make -C ps7_cortexa9_0/libsrc/seven_seg_v1_0/src -s include  "SHELL=CMD" "COMPILER=arm-xilinx-eabi-gcc" "ARCHIVER=arm-xilinx-eabi-ar" "COMPILER_FLAGS=  -O2 -c" "EXTRA_COMPILER_FLAGS=-g"
"Running Make include in ps7_cortexa9_0/libsrc/standalone_v4_2/src"
make -C ps7_cortexa9_0/libsrc/standalone_v4_2/src -s include  "SHELL=CMD" "COMPILER=arm-xilinx-eabi-gcc" "ARCHIVER=arm-xilinx-eabi-ar" "COMPILER_FLAGS=  -O2 -c" "EXTRA_COMPILER_FLAGS=-g"
"Running Make include in ps7_cortexa9_0/libsrc/textlcd_v1_0/src"
make -C ps7_cortexa9_0/libsrc/textlcd_v1_0/src -s include  "SHELL=CMD" "COMPILER=arm-xilinx-eabi-gcc" "ARCHIVER=arm-xilinx-eabi-ar" "COMPILER_FLAGS=  -O2 -c" "EXTRA_COMPILER_FLAGS=-g"
"Running Make include in ps7_cortexa9_0/libsrc/uartps_v2_2/src"
make -C ps7_cortexa9_0/libsrc/uartps_v2_2/src -s include  "SHELL=CMD" "COMPILER=arm-xilinx-eabi-gcc" "ARCHIVER=arm-xilinx-eabi-ar" "COMPILER_FLAGS=  -O2 -c" "EXTRA_COMPILER_FLAGS=-g"
"Running Make include in ps7_cortexa9_0/libsrc/xadcps_v2_1/src"
make -C ps7_cortexa9_0/libsrc/xadcps_v2_1/src -s include  "SHELL=CMD" "COMPILER=arm-xilinx-eabi-gcc" "ARCHIVER=arm-xilinx-eabi-ar" "COMPILER_FLAGS=  -O2 -c" "EXTRA_COMPILER_FLAGS=-g"
"Running Make libs in ps7_cortexa9_0/libsrc/cpu_cortexa9_v2_1/src"
make -C ps7_cortexa9_0/libsrc/cpu_cortexa9_v2_1/src -s libs  "SHELL=CMD" "COMPILER=arm-xilinx-eabi-gcc" "ARCHIVER=arm-xilinx-eabi-ar" "COMPILER_FLAGS=  -O2 -c" "EXTRA_COMPILER_FLAGS=-g"
"Compiling cpu_cortexa9"
"Running Make libs in ps7_cortexa9_0/libsrc/devcfg_v3_2/src"
make -C ps7_cortexa9_0/libsrc/devcfg_v3_2/src -s libs  "SHELL=CMD" "COMPILER=arm-xilinx-eabi-gcc" "ARCHIVER=arm-xilinx-eabi-ar" "COMPILER_FLAGS=  -O2 -c" "EXTRA_COMPILER_FLAGS=-g"
"Compiling devcfg"
arm-xilinx-eabi-ar: creating ../../../lib/libxil.a
"Running Make libs in ps7_cortexa9_0/libsrc/dmaps_v2_1/src"
make -C ps7_cortexa9_0/libsrc/dmaps_v2_1/src -s libs  "SHELL=CMD" "COMPILER=arm-xilinx-eabi-gcc" "ARCHIVER=arm-xilinx-eabi-ar" "COMPILER_FLAGS=  -O2 -c" "EXTRA_COMPILER_FLAGS=-g"
"Compiling dmaps"
"Running Make libs in ps7_cortexa9_0/libsrc/iicps_v2_3/src"
make -C ps7_cortexa9_0/libsrc/iicps_v2_3/src -s libs  "SHELL=CMD" "COMPILER=arm-xilinx-eabi-gcc" "ARCHIVER=arm-xilinx-eabi-ar" "COMPILER_FLAGS=  -O2 -c" "EXTRA_COMPILER_FLAGS=-g"
"Compiling iicps"
"Running Make libs in ps7_cortexa9_0/libsrc/pushbutton_v1_0/src"
make -C ps7_cortexa9_0/libsrc/pushbutton_v1_0/src -s libs  "SHELL=CMD" "COMPILER=arm-xilinx-eabi-gcc" "ARCHIVER=arm-xilinx-eabi-ar" "COMPILER_FLAGS=  -O2 -c" "EXTRA_COMPILER_FLAGS=-g"
"Compiling pushbutton..."
"Running Make libs in ps7_cortexa9_0/libsrc/pwm_gen_v1_0/src"
make -C ps7_cortexa9_0/libsrc/pwm_gen_v1_0/src -s libs  "SHELL=CMD" "COMPILER=arm-xilinx-eabi-gcc" "ARCHIVER=arm-xilinx-eabi-ar" "COMPILER_FLAGS=  -O2 -c" "EXTRA_COMPILER_FLAGS=-g"
"Compiling pwm_gen..."
"Running Make libs in ps7_cortexa9_0/libsrc/scugic_v2_1/src"
make -C ps7_cortexa9_0/libsrc/scugic_v2_1/src -s libs  "SHELL=CMD" "COMPILER=arm-xilinx-eabi-gcc" "ARCHIVER=arm-xilinx-eabi-ar" "COMPILER_FLAGS=  -O2 -c" "EXTRA_COMPILER_FLAGS=-g"
"Compiling scugic"
"Running Make libs in ps7_cortexa9_0/libsrc/scutimer_v2_0/src"
make -C ps7_cortexa9_0/libsrc/scutimer_v2_0/src -s libs  "SHELL=CMD" "COMPILER=arm-xilinx-eabi-gcc" "ARCHIVER=arm-xilinx-eabi-ar" "COMPILER_FLAGS=  -O2 -c" "EXTRA_COMPILER_FLAGS=-g"
"Compiling scutimer"
"Running Make libs in ps7_cortexa9_0/libsrc/scuwdt_v2_0/src"
make -C ps7_cortexa9_0/libsrc/scuwdt_v2_0/src -s libs  "SHELL=CMD" "COMPILER=arm-xilinx-eabi-gcc" "ARCHIVER=arm-xilinx-eabi-ar" "COMPILER_FLAGS=  -O2 -c" "EXTRA_COMPILER_FLAGS=-g"
"Compiling scuwdt"
"Running Make libs in ps7_cortexa9_0/libsrc/seven_seg_v1_0/src"
make -C ps7_cortexa9_0/libsrc/seven_seg_v1_0/src -s libs  "SHELL=CMD" "COMPILER=arm-xilinx-eabi-gcc" "ARCHIVER=arm-xilinx-eabi-ar" "COMPILER_FLAGS=  -O2 -c" "EXTRA_COMPILER_FLAGS=-g"
"Compiling seven_seg..."
"Running Make libs in ps7_cortexa9_0/libsrc/standalone_v4_2/src"
make -C ps7_cortexa9_0/libsrc/standalone_v4_2/src -s libs  "SHELL=CMD" "COMPILER=arm-xilinx-eabi-gcc" "ARCHIVER=arm-xilinx-eabi-ar" "COMPILER_FLAGS=  -O2 -c" "EXTRA_COMPILER_FLAGS=-g"
"Compiling standalone"
"Running Make libs in ps7_cortexa9_0/libsrc/textlcd_v1_0/src"
make -C ps7_cortexa9_0/libsrc/textlcd_v1_0/src -s libs  "SHELL=CMD" "COMPILER=arm-xilinx-eabi-gcc" "ARCHIVER=arm-xilinx-eabi-ar" "COMPILER_FLAGS=  -O2 -c" "EXTRA_COMPILER_FLAGS=-g"
"Compiling textlcd..."
"Running Make libs in ps7_cortexa9_0/libsrc/uartps_v2_2/src"
make -C ps7_cortexa9_0/libsrc/uartps_v2_2/src -s libs  "SHELL=CMD" "COMPILER=arm-xilinx-eabi-gcc" "ARCHIVER=arm-xilinx-eabi-ar" "COMPILER_FLAGS=  -O2 -c" "EXTRA_COMPILER_FLAGS=-g"
"Compiling uartps"
"Running Make libs in ps7_cortexa9_0/libsrc/xadcps_v2_1/src"
make -C ps7_cortexa9_0/libsrc/xadcps_v2_1/src -s libs  "SHELL=CMD" "COMPILER=arm-xilinx-eabi-gcc" "ARCHIVER=arm-xilinx-eabi-ar" "COMPILER_FLAGS=  -O2 -c" "EXTRA_COMPILER_FLAGS=-g"
"Compiling xadcps"
'Finished building libraries'
18:28:23 **** Build of configuration Debug for project ps_termproj ****
make all 
'Building file: ../src/helloworld.c'
'Invoking: ARM gcc compiler'
arm-xilinx-eabi-gcc -Wall -O0 -g3 -c -fmessage-length=0 -MT"src/helloworld.o" -I../../ps_termproj_bsp/ps7_cortexa9_0/include -MMD -MP -MF"src/helloworld.d" -MT"src/helloworld.d" -o "src/helloworld.o" "../src/helloworld.c"
../src/helloworld.c: In function 'main':
../src/helloworld.c:97:2: warning: "/*" within comment [-Wcomment]
  /*
 ^
../src/helloworld.c:109:14: warning: 'SendBuffer' may be used uninitialized in this function [-Wmaybe-uninitialized]
    IicStatus = ReadRTC(Iic, SendBuffer, RecvBuffer, 0x02, 7);
              ^
'Finished building: ../src/helloworld.c'
' '
'Building file: ../src/platform.c'
'Invoking: ARM gcc compiler'
arm-xilinx-eabi-gcc -Wall -O0 -g3 -c -fmessage-length=0 -MT"src/platform.o" -I../../ps_termproj_bsp/ps7_cortexa9_0/include -MMD -MP -MF"src/platform.d" -MT"src/platform.d" -o "src/platform.o" "../src/platform.c"
'Finished building: ../src/platform.c'
' '
'Building target: ps_termproj.elf'
'Invoking: ARM gcc linker'
arm-xilinx-eabi-gcc -Wl,-T -Wl,../src/lscript.ld -L../../ps_termproj_bsp/ps7_cortexa9_0/lib -o "ps_termproj.elf"  ./src/helloworld.o ./src/platform.o   -Wl,--start-group,-lxil,-lgcc,-lc,--end-group
'Finished building target: ps_termproj.elf'
' '
'Invoking: ARM Print Size'
arm-xilinx-eabi-size ps_termproj.elf  |tee "ps_termproj.elf.size"
   text	   data	    bss	    dec	    hex	filename
  38988	   2976	  22660	  64624	   fc70	ps_termproj.elf
'Finished building: ps_termproj.elf.size'
' '
18:28:37 **** Incremental Build of configuration Debug for project ps_termproj ****
make all 
make: `all'를 위해 할 일이 없습니다
18:29:03 **** Incremental Build of configuration Debug for project ps_termproj ****
make all 
make: `all'를 위해 할 일이 없습니다
18:31:37 **** Auto Build of configuration Debug for project ps_termproj ****
make all 
'Building file: ../src/helloworld.c'
'Invoking: ARM gcc compiler'
arm-xilinx-eabi-gcc -Wall -O0 -g3 -c -fmessage-length=0 -MT"src/helloworld.o" -I../../ps_termproj_bsp/ps7_cortexa9_0/include -MMD -MP -MF"src/helloworld.d" -MT"src/helloworld.d" -o "src/helloworld.o" "../src/helloworld.c"
../src/helloworld.c: In function 'main':
../src/helloworld.c:97:2: warning: "/*" within comment [-Wcomment]
  /*
 ^
../src/helloworld.c:109:14: warning: 'SendBuffer' may be used uninitialized in this function [-Wmaybe-uninitialized]
    IicStatus = ReadRTC(Iic, SendBuffer, RecvBuffer, 0x02, 7);
              ^
'Finished building: ../src/helloworld.c'
' '
'Building target: ps_termproj.elf'
'Invoking: ARM gcc linker'
arm-xilinx-eabi-gcc -Wl,-T -Wl,../src/lscript.ld -L../../ps_termproj_bsp/ps7_cortexa9_0/lib -o "ps_termproj.elf"  ./src/helloworld.o ./src/platform.o   -Wl,--start-group,-lxil,-lgcc,-lc,--end-group
'Finished building target: ps_termproj.elf'
' '
'Invoking: ARM Print Size'
arm-xilinx-eabi-size ps_termproj.elf  |tee "ps_termproj.elf.size"
   text	   data	    bss	    dec	    hex	filename
  38988	   2976	  22660	  64624	   fc70	ps_termproj.elf
'Finished building: ps_termproj.elf.size'
' '
18:46:09 **** Auto Build of configuration Debug for project ps_termproj ****
make all 
'Building file: ../src/helloworld.c'
'Invoking: ARM gcc compiler'
arm-xilinx-eabi-gcc -Wall -O0 -g3 -c -fmessage-length=0 -MT"src/helloworld.o" -I../../ps_termproj_bsp/ps7_cortexa9_0/include -MMD -MP -MF"src/helloworld.d" -MT"src/helloworld.d" -o "src/helloworld.o" "../src/helloworld.c"
../src/helloworld.c: In function 'main':
../src/helloworld.c:98:2: warning: "/*" within comment [-Wcomment]
  /*
 ^
../src/helloworld.c:110:14: warning: 'SendBuffer' may be used uninitialized in this function [-Wmaybe-uninitialized]
    IicStatus = ReadRTC(Iic, SendBuffer, RecvBuffer, 0x02, 7);
              ^
'Finished building: ../src/helloworld.c'
' '
'Building target: ps_termproj.elf'
'Invoking: ARM gcc linker'
arm-xilinx-eabi-gcc -Wl,-T -Wl,../src/lscript.ld -L../../ps_termproj_bsp/ps7_cortexa9_0/lib -o "ps_termproj.elf"  ./src/helloworld.o ./src/platform.o   -Wl,--start-group,-lxil,-lgcc,-lc,--end-group
'Finished building target: ps_termproj.elf'
' '
'Invoking: ARM Print Size'
arm-xilinx-eabi-size ps_termproj.elf  |tee "ps_termproj.elf.size"
   text	   data	    bss	    dec	    hex	filename
  39376	   2976	  22660	  65012	   fdf4	ps_termproj.elf
'Finished building: ps_termproj.elf.size'
' '
18:46:11 **** Incremental Build of configuration Debug for project ps_termproj ****
make all 
make: `all'를 위해 할 일이 없습니다
18:46:42 **** Incremental Build of configuration Debug for project ps_termproj ****
make all 
make: `all'를 위해 할 일이 없습니다
18:49:21 **** Auto Build of configuration Debug for project ps_termproj ****
make all 
'Building file: ../src/helloworld.c'
'Invoking: ARM gcc compiler'
arm-xilinx-eabi-gcc -Wall -O0 -g3 -c -fmessage-length=0 -MT"src/helloworld.o" -I../../ps_termproj_bsp/ps7_cortexa9_0/include -MMD -MP -MF"src/helloworld.d" -MT"src/helloworld.d" -o "src/helloworld.o" "../src/helloworld.c"
../src/helloworld.c: In function 'main':
../src/helloworld.c:98:2: warning: "/*" within comment [-Wcomment]
  /*
 ^
../src/helloworld.c:110:14: warning: 'SendBuffer' may be used uninitialized in this function [-Wmaybe-uninitialized]
    IicStatus = ReadRTC(Iic, SendBuffer, RecvBuffer, 0x02, 7);
              ^
'Finished building: ../src/helloworld.c'
' '
'Building target: ps_termproj.elf'
'Invoking: ARM gcc linker'
arm-xilinx-eabi-gcc -Wl,-T -Wl,../src/lscript.ld -L../../ps_termproj_bsp/ps7_cortexa9_0/lib -o "ps_termproj.elf"  ./src/helloworld.o ./src/platform.o   -Wl,--start-group,-lxil,-lgcc,-lc,--end-group
'Finished building target: ps_termproj.elf'
' '
'Invoking: ARM Print Size'
arm-xilinx-eabi-size ps_termproj.elf  |tee "ps_termproj.elf.size"
   text	   data	    bss	    dec	    hex	filename
  39432	   2976	  22660	  65068	   fe2c	ps_termproj.elf
'Finished building: ps_termproj.elf.size'
' '
18:53:38 **** Auto Build of configuration Debug for project ps_termproj ****
make all 
'Building file: ../src/helloworld.c'
'Invoking: ARM gcc compiler'
arm-xilinx-eabi-gcc -Wall -O0 -g3 -c -fmessage-length=0 -MT"src/helloworld.o" -I../../ps_termproj_bsp/ps7_cortexa9_0/include -MMD -MP -MF"src/helloworld.d" -MT"src/helloworld.d" -o "src/helloworld.o" "../src/helloworld.c"
../src/helloworld.c: In function 'main':
../src/helloworld.c:98:2: warning: "/*" within comment [-Wcomment]
  /*
 ^
../src/helloworld.c:110:14: warning: 'SendBuffer' may be used uninitialized in this function [-Wmaybe-uninitialized]
    IicStatus = ReadRTC(Iic, SendBuffer, RecvBuffer, 0x02, 7);
              ^
'Finished building: ../src/helloworld.c'
' '
'Building target: ps_termproj.elf'
'Invoking: ARM gcc linker'
arm-xilinx-eabi-gcc -Wl,-T -Wl,../src/lscript.ld -L../../ps_termproj_bsp/ps7_cortexa9_0/lib -o "ps_termproj.elf"  ./src/helloworld.o ./src/platform.o   -Wl,--start-group,-lxil,-lgcc,-lc,--end-group
'Finished building target: ps_termproj.elf'
' '
'Invoking: ARM Print Size'
arm-xilinx-eabi-size ps_termproj.elf  |tee "ps_termproj.elf.size"
   text	   data	    bss	    dec	    hex	filename
  39420	   2976	  22660	  65056	   fe20	ps_termproj.elf
'Finished building: ps_termproj.elf.size'
' '
18:53:40 **** Incremental Build of configuration Debug for project ps_termproj ****
make all 
make: `all'를 위해 할 일이 없습니다
18:54:04 **** Incremental Build of configuration Debug for project ps_termproj ****
make all 
make: `all'를 위해 할 일이 없습니다
18:54:36 **** Incremental Build of configuration Debug for project ps_termproj ****
make all 
make: `all'를 위해 할 일이 없습니다
18:54:58 **** Incremental Build of configuration Debug for project ps_termproj ****
make all 
make: `all'를 위해 할 일이 없습니다
19:04:02 **** Auto Build of configuration Debug for project ps_termproj ****
make all 
'Building file: ../src/helloworld.c'
'Invoking: ARM gcc compiler'
arm-xilinx-eabi-gcc -Wall -O0 -g3 -c -fmessage-length=0 -MT"src/helloworld.o" -I../../ps_termproj_bsp/ps7_cortexa9_0/include -MMD -MP -MF"src/helloworld.d" -MT"src/helloworld.d" -o "src/helloworld.o" "../src/helloworld.c"
../src/helloworld.c: In function 'main':
../src/helloworld.c:98:2: warning: "/*" within comment [-Wcomment]
  /*
 ^
../src/helloworld.c:110:14: warning: 'SendBuffer' may be used uninitialized in this function [-Wmaybe-uninitialized]
    IicStatus = ReadRTC(Iic, SendBuffer, RecvBuffer, 0x02, 7);
              ^
'Finished building: ../src/helloworld.c'
' '
'Building target: ps_termproj.elf'
'Invoking: ARM gcc linker'
arm-xilinx-eabi-gcc -Wl,-T -Wl,../src/lscript.ld -L../../ps_termproj_bsp/ps7_cortexa9_0/lib -o "ps_termproj.elf"  ./src/helloworld.o ./src/platform.o   -Wl,--start-group,-lxil,-lgcc,-lc,--end-group
'Finished building target: ps_termproj.elf'
' '
'Invoking: ARM Print Size'
arm-xilinx-eabi-size ps_termproj.elf  |tee "ps_termproj.elf.size"
   text	   data	    bss	    dec	    hex	filename
  39664	   2976	  22660	  65300	   ff14	ps_termproj.elf
'Finished building: ps_termproj.elf.size'
' '
19:04:05 **** Incremental Build of configuration Debug for project ps_termproj ****
make all 
make: `all'를 위해 할 일이 없습니다
19:04:27 **** Incremental Build of configuration Debug for project ps_termproj ****
make all 
make: `all'를 위해 할 일이 없습니다
19:08:19 **** Auto Build of configuration Debug for project ps_termproj ****
make all 
'Building file: ../src/helloworld.c'
'Invoking: ARM gcc compiler'
arm-xilinx-eabi-gcc -Wall -O0 -g3 -c -fmessage-length=0 -MT"src/helloworld.o" -I../../ps_termproj_bsp/ps7_cortexa9_0/include -MMD -MP -MF"src/helloworld.d" -MT"src/helloworld.d" -o "src/helloworld.o" "../src/helloworld.c"
../src/helloworld.c: In function 'main':
../src/helloworld.c:98:2: warning: "/*" within comment [-Wcomment]
  /*
 ^
../src/helloworld.c:110:14: warning: 'SendBuffer' may be used uninitialized in this function [-Wmaybe-uninitialized]
    IicStatus = ReadRTC(Iic, SendBuffer, RecvBuffer, 0x02, 7);
              ^
'Finished building: ../src/helloworld.c'
' '
'Building target: ps_termproj.elf'
'Invoking: ARM gcc linker'
arm-xilinx-eabi-gcc -Wl,-T -Wl,../src/lscript.ld -L../../ps_termproj_bsp/ps7_cortexa9_0/lib -o "ps_termproj.elf"  ./src/helloworld.o ./src/platform.o   -Wl,--start-group,-lxil,-lgcc,-lc,--end-group
'Finished building target: ps_termproj.elf'
' '
'Invoking: ARM Print Size'
arm-xilinx-eabi-size ps_termproj.elf  |tee "ps_termproj.elf.size"
   text	   data	    bss	    dec	    hex	filename
  39676	   2976	  22660	  65312	   ff20	ps_termproj.elf
'Finished building: ps_termproj.elf.size'
' '
19:08:19 **** Incremental Build of configuration Debug for project ps_termproj ****
make all 
make: `all'를 위해 할 일이 없습니다
19:08:41 **** Incremental Build of configuration Debug for project ps_termproj ****
make all 
make: `all'를 위해 할 일이 없습니다
19:09:21 **** Incremental Build of configuration Debug for project ps_termproj ****
make all 
make: `all'를 위해 할 일이 없습니다
19:11:29 **** Incremental Build of configuration Debug for project ps_termproj ****
make all 
make: `all'를 위해 할 일이 없습니다
19:12:02 **** Incremental Build of configuration Debug for project ps_termproj ****
make all 
make: `all'를 위해 할 일이 없습니다
19:44:24 **** Auto Build of configuration Debug for project ps_termproj ****
make all 
'Building file: ../src/helloworld.c'
'Invoking: ARM gcc compiler'
arm-xilinx-eabi-gcc -Wall -O0 -g3 -c -fmessage-length=0 -MT"src/helloworld.o" -I../../ps_termproj_bsp/ps7_cortexa9_0/include -MMD -MP -MF"src/helloworld.d" -MT"src/helloworld.d" -o "src/helloworld.o" "../src/helloworld.c"
../src/helloworld.c: In function 'main':
../src/helloworld.c:101:2: warning: "/*" within comment [-Wcomment]
  /*
 ^
../src/helloworld.c:154:5: error: too many arguments to function 'strcpy'
     strcpy(TlcdReg_downline, "Setting Time    ",16);
     ^
../src/helloworld.c:211:3: error: 'else' without a previous 'if'
   else{
   ^
../src/helloworld.c:213:4: error: too many arguments to function 'strcpy'
    strcpy(TlcdReg_downline, "Setting Time    ",16);
    ^
../src/helloworld.c: In function 'DeviceDriverHandler':
../src/helloworld.c:689:29: error: 'temp_dwon' undeclared (first use in this function)
     else if(temp_up == 0 && temp_dwon == 1){
                             ^
../src/helloworld.c:689:29: note: each undeclared identifier is reported only once for each function it appears in
../src/helloworld.c:697:5: error: break statement not within loop or switch
     break;
     ^
../src/helloworld.c:698:4: error: case label not within a switch statement
    case 3:
    ^
../src/helloworld.c:720:5: error: break statement not within loop or switch
     break;
     ^
In file included from ../src/helloworld.c:11:0:
../src/helloworld.c: At top level:
../../ps_termproj_bsp/ps7_cortexa9_0/include/pushbutton.h:35:14: error: expected declaration specifiers or '...' before '(' token
    Xil_Out32((BaseAddress) + (RegOffset), (u32)(Data))
              ^
../src/helloworld.c:725:2: note: in expansion of macro 'PUSHBUTTON_mWriteReg'
  PUSHBUTTON_mWriteReg(XPAR_PUSHBUTTON_0_S00_AXI_BASEADDR, PUSHBUTTON_S00_AXI_SLV_REG0_OFFSET,0);
  ^
../../ps_termproj_bsp/ps7_cortexa9_0/include/pushbutton.h:35:43: error: expected declaration specifiers or '...' before '(' token
    Xil_Out32((BaseAddress) + (RegOffset), (u32)(Data))
                                           ^
../src/helloworld.c:725:2: note: in expansion of macro 'PUSHBUTTON_mWriteReg'
  PUSHBUTTON_mWriteReg(XPAR_PUSHBUTTON_0_S00_AXI_BASEADDR, PUSHBUTTON_S00_AXI_SLV_REG0_OFFSET,0);
  ^
../src/helloworld.c:726:2: warning: data definition has no type or storage class [enabled by default]
  InterruptProcessed = TRUE;
  ^
../src/helloworld.c:726:2: warning: type defaults to 'int' in declaration of 'InterruptProcessed' [-Wimplicit-int]
../src/helloworld.c:726:2: error: conflicting type qualifiers for 'InterruptProcessed'
../src/helloworld.c:60:21: note: previous definition of 'InterruptProcessed' was here
 volatile static int InterruptProcessed = FALSE;
                     ^
../src/helloworld.c:727:1: error: expected identifier or '(' before '}' token
 }
 ^
make: *** [src/helloworld.o] 오류 1
19:45:23 **** Auto Build of configuration Debug for project ps_termproj ****
make all 
'Building file: ../src/helloworld.c'
'Invoking: ARM gcc compiler'
arm-xilinx-eabi-gcc -Wall -O0 -g3 -c -fmessage-length=0 -MT"src/helloworld.o" -I../../ps_termproj_bsp/ps7_cortexa9_0/include -MMD -MP -MF"src/helloworld.d" -MT"src/helloworld.d" -o "src/helloworld.o" "../src/helloworld.c"
../src/helloworld.c: In function 'main':
../src/helloworld.c:101:2: warning: "/*" within comment [-Wcomment]
  /*
 ^
../src/helloworld.c:154:5: error: too many arguments to function 'strcpy'
     strcpy(TlcdReg_downline, "Setting Time    ",16);
     ^
../src/helloworld.c:210:7: error: too many arguments to function 'strcpy'
       strcpy(TlcdReg_downline, "Setting Time    ",16);
       ^
../src/helloworld.c: In function 'DeviceDriverHandler':
../src/helloworld.c:688:29: error: 'temp_dwon' undeclared (first use in this function)
     else if(temp_up == 0 && temp_dwon == 1){
                             ^
../src/helloworld.c:688:29: note: each undeclared identifier is reported only once for each function it appears in
../src/helloworld.c:696:5: error: break statement not within loop or switch
     break;
     ^
../src/helloworld.c:697:4: error: case label not within a switch statement
    case 3:
    ^
../src/helloworld.c:719:5: error: break statement not within loop or switch
     break;
     ^
In file included from ../src/helloworld.c:11:0:
../src/helloworld.c: At top level:
../../ps_termproj_bsp/ps7_cortexa9_0/include/pushbutton.h:35:14: error: expected declaration specifiers or '...' before '(' token
    Xil_Out32((BaseAddress) + (RegOffset), (u32)(Data))
              ^
../src/helloworld.c:724:2: note: in expansion of macro 'PUSHBUTTON_mWriteReg'
  PUSHBUTTON_mWriteReg(XPAR_PUSHBUTTON_0_S00_AXI_BASEADDR, PUSHBUTTON_S00_AXI_SLV_REG0_OFFSET,0);
  ^
../../ps_termproj_bsp/ps7_cortexa9_0/include/pushbutton.h:35:43: error: expected declaration specifiers or '...' before '(' token
    Xil_Out32((BaseAddress) + (RegOffset), (u32)(Data))
                                           ^
../src/helloworld.c:724:2: note: in expansion of macro 'PUSHBUTTON_mWriteReg'
  PUSHBUTTON_mWriteReg(XPAR_PUSHBUTTON_0_S00_AXI_BASEADDR, PUSHBUTTON_S00_AXI_SLV_REG0_OFFSET,0);
  ^
../src/helloworld.c:725:2: warning: data definition has no type or storage class [enabled by default]
  InterruptProcessed = TRUE;
  ^
../src/helloworld.c:725:2: warning: type defaults to 'int' in declaration of 'InterruptProcessed' [-Wimplicit-int]
../src/helloworld.c:725:2: error: conflicting type qualifiers for 'InterruptProcessed'
../src/helloworld.c:60:21: note: previous definition of 'InterruptProcessed' was here
 volatile static int InterruptProcessed = FALSE;
                     ^
../src/helloworld.c:726:1: error: expected identifier or '(' before '}' token
 }
 ^
make: *** [src/helloworld.o] 오류 1
19:45:54 **** Auto Build of configuration Debug for project ps_termproj ****
make all 
'Building file: ../src/helloworld.c'
'Invoking: ARM gcc compiler'
arm-xilinx-eabi-gcc -Wall -O0 -g3 -c -fmessage-length=0 -MT"src/helloworld.o" -I../../ps_termproj_bsp/ps7_cortexa9_0/include -MMD -MP -MF"src/helloworld.d" -MT"src/helloworld.d" -o "src/helloworld.o" "../src/helloworld.c"
../src/helloworld.c: In function 'main':
../src/helloworld.c:101:2: warning: "/*" within comment [-Wcomment]
  /*
 ^
../src/helloworld.c:154:5: error: too many arguments to function 'strcpy'
     strcpy(TlcdReg_downline, "Setting Time    ",16);
     ^
../src/helloworld.c: In function 'DeviceDriverHandler':
../src/helloworld.c:688:29: error: 'temp_dwon' undeclared (first use in this function)
     else if(temp_up == 0 && temp_dwon == 1){
                             ^
../src/helloworld.c:688:29: note: each undeclared identifier is reported only once for each function it appears in
../src/helloworld.c:696:5: error: break statement not within loop or switch
     break;
     ^
../src/helloworld.c:697:4: error: case label not within a switch statement
    case 3:
    ^
../src/helloworld.c:719:5: error: break statement not within loop or switch
     break;
     ^
In file included from ../src/helloworld.c:11:0:
../src/helloworld.c: At top level:
../../ps_termproj_bsp/ps7_cortexa9_0/include/pushbutton.h:35:14: error: expected declaration specifiers or '...' before '(' token
    Xil_Out32((BaseAddress) + (RegOffset), (u32)(Data))
              ^
../src/helloworld.c:724:2: note: in expansion of macro 'PUSHBUTTON_mWriteReg'
  PUSHBUTTON_mWriteReg(XPAR_PUSHBUTTON_0_S00_AXI_BASEADDR, PUSHBUTTON_S00_AXI_SLV_REG0_OFFSET,0);
  ^
../../ps_termproj_bsp/ps7_cortexa9_0/include/pushbutton.h:35:43: error: expected declaration specifiers or '...' before '(' token
    Xil_Out32((BaseAddress) + (RegOffset), (u32)(Data))
                                           ^
../src/helloworld.c:724:2: note: in expansion of macro 'PUSHBUTTON_mWriteReg'
  PUSHBUTTON_mWriteReg(XPAR_PUSHBUTTON_0_S00_AXI_BASEADDR, PUSHBUTTON_S00_AXI_SLV_REG0_OFFSET,0);
  ^
../src/helloworld.c:725:2: warning: data definition has no type or storage class [enabled by default]
  InterruptProcessed = TRUE;
  ^
../src/helloworld.c:725:2: warning: type defaults to 'int' in declaration of 'InterruptProcessed' [-Wimplicit-int]
../src/helloworld.c:725:2: error: conflicting type qualifiers for 'InterruptProcessed'
../src/helloworld.c:60:21: note: previous definition of 'InterruptProcessed' was here
 volatile static int InterruptProcessed = FALSE;
                     ^
../src/helloworld.c:726:1: error: expected identifier or '(' before '}' token
 }
 ^
make: *** [src/helloworld.o] 오류 1
19:45:59 **** Auto Build of configuration Debug for project ps_termproj ****
make all 
'Building file: ../src/helloworld.c'
'Invoking: ARM gcc compiler'
arm-xilinx-eabi-gcc -Wall -O0 -g3 -c -fmessage-length=0 -MT"src/helloworld.o" -I../../ps_termproj_bsp/ps7_cortexa9_0/include -MMD -MP -MF"src/helloworld.d" -MT"src/helloworld.d" -o "src/helloworld.o" "../src/helloworld.c"
../src/helloworld.c: In function 'main':
../src/helloworld.c:101:2: warning: "/*" within comment [-Wcomment]
  /*
 ^
../src/helloworld.c: In function 'DeviceDriverHandler':
../src/helloworld.c:688:29: error: 'temp_dwon' undeclared (first use in this function)
     else if(temp_up == 0 && temp_dwon == 1){
                             ^
../src/helloworld.c:688:29: note: each undeclared identifier is reported only once for each function it appears in
../src/helloworld.c:696:5: error: break statement not within loop or switch
     break;
     ^
../src/helloworld.c:697:4: error: case label not within a switch statement
    case 3:
    ^
../src/helloworld.c:719:5: error: break statement not within loop or switch
     break;
     ^
In file included from ../src/helloworld.c:11:0:
../src/helloworld.c: At top level:
../../ps_termproj_bsp/ps7_cortexa9_0/include/pushbutton.h:35:14: error: expected declaration specifiers or '...' before '(' token
    Xil_Out32((BaseAddress) + (RegOffset), (u32)(Data))
              ^
../src/helloworld.c:724:2: note: in expansion of macro 'PUSHBUTTON_mWriteReg'
  PUSHBUTTON_mWriteReg(XPAR_PUSHBUTTON_0_S00_AXI_BASEADDR, PUSHBUTTON_S00_AXI_SLV_REG0_OFFSET,0);
  ^
../../ps_termproj_bsp/ps7_cortexa9_0/include/pushbutton.h:35:43: error: expected declaration specifiers or '...' before '(' token
    Xil_Out32((BaseAddress) + (RegOffset), (u32)(Data))
                                           ^
../src/helloworld.c:724:2: note: in expansion of macro 'PUSHBUTTON_mWriteReg'
  PUSHBUTTON_mWriteReg(XPAR_PUSHBUTTON_0_S00_AXI_BASEADDR, PUSHBUTTON_S00_AXI_SLV_REG0_OFFSET,0);
  ^
../src/helloworld.c:725:2: warning: data definition has no type or storage class [enabled by default]
  InterruptProcessed = TRUE;
  ^
../src/helloworld.c:725:2: warning: type defaults to 'int' in declaration of 'InterruptProcessed' [-Wimplicit-int]
../src/helloworld.c:725:2: error: conflicting type qualifiers for 'InterruptProcessed'
../src/helloworld.c:60:21: note: previous definition of 'InterruptProcessed' was here
 volatile static int InterruptProcessed = FALSE;
                     ^
../src/helloworld.c:726:1: error: expected identifier or '(' before '}' token
 }
 ^
make: *** [src/helloworld.o] 오류 1
19:54:51 **** Auto Build of configuration Debug for project ps_termproj ****
make all 
'Building file: ../src/helloworld.c'
'Invoking: ARM gcc compiler'
arm-xilinx-eabi-gcc -Wall -O0 -g3 -c -fmessage-length=0 -MT"src/helloworld.o" -I../../ps_termproj_bsp/ps7_cortexa9_0/include -MMD -MP -MF"src/helloworld.d" -MT"src/helloworld.d" -o "src/helloworld.o" "../src/helloworld.c"
../src/helloworld.c: In function 'main':
../src/helloworld.c:101:2: warning: "/*" within comment [-Wcomment]
  /*
 ^
../src/helloworld.c: In function 'DeviceDriverHandler':
../src/helloworld.c:730:5: error: break statement not within loop or switch
     break;
     ^
../src/helloworld.c:731:4: error: case label not within a switch statement
    case 3:
    ^
../src/helloworld.c:753:5: error: break statement not within loop or switch
     break;
     ^
In file included from ../src/helloworld.c:11:0:
../src/helloworld.c: At top level:
../../ps_termproj_bsp/ps7_cortexa9_0/include/pushbutton.h:35:14: error: expected declaration specifiers or '...' before '(' token
    Xil_Out32((BaseAddress) + (RegOffset), (u32)(Data))
              ^
../src/helloworld.c:758:2: note: in expansion of macro 'PUSHBUTTON_mWriteReg'
  PUSHBUTTON_mWriteReg(XPAR_PUSHBUTTON_0_S00_AXI_BASEADDR, PUSHBUTTON_S00_AXI_SLV_REG0_OFFSET,0);
  ^
../../ps_termproj_bsp/ps7_cortexa9_0/include/pushbutton.h:35:43: error: expected declaration specifiers or '...' before '(' token
    Xil_Out32((BaseAddress) + (RegOffset), (u32)(Data))
                                           ^
../src/helloworld.c:758:2: note: in expansion of macro 'PUSHBUTTON_mWriteReg'
  PUSHBUTTON_mWriteReg(XPAR_PUSHBUTTON_0_S00_AXI_BASEADDR, PUSHBUTTON_S00_AXI_SLV_REG0_OFFSET,0);
  ^
../src/helloworld.c:759:2: warning: data definition has no type or storage class [enabled by default]
  InterruptProcessed = TRUE;
  ^
../src/helloworld.c:759:2: warning: type defaults to 'int' in declaration of 'InterruptProcessed' [-Wimplicit-int]
../src/helloworld.c:759:2: error: conflicting type qualifiers for 'InterruptProcessed'
../src/helloworld.c:60:21: note: previous definition of 'InterruptProcessed' was here
 volatile static int InterruptProcessed = FALSE;
                     ^
../src/helloworld.c:760:1: error: expected identifier or '(' before '}' token
 }
 ^
make: *** [src/helloworld.o] 오류 1
19:57:01 **** Auto Build of configuration Debug for project ps_termproj ****
make all 
'Building file: ../src/helloworld.c'
'Invoking: ARM gcc compiler'
arm-xilinx-eabi-gcc -Wall -O0 -g3 -c -fmessage-length=0 -MT"src/helloworld.o" -I../../ps_termproj_bsp/ps7_cortexa9_0/include -MMD -MP -MF"src/helloworld.d" -MT"src/helloworld.d" -o "src/helloworld.o" "../src/helloworld.c"
../src/helloworld.c: In function 'main':
../src/helloworld.c:101:2: warning: "/*" within comment [-Wcomment]
  /*
 ^
../src/helloworld.c: In function 'DeviceDriverHandler':
../src/helloworld.c:730:5: error: break statement not within loop or switch
     break;
     ^
../src/helloworld.c:731:4: error: case label not within a switch statement
    case 3:
    ^
../src/helloworld.c:753:5: error: break statement not within loop or switch
     break;
     ^
../src/helloworld.c: At top level:
../src/helloworld.c:758:2: error: expected identifier or '(' before '}' token
  }
  ^
In file included from ../src/helloworld.c:11:0:
../../ps_termproj_bsp/ps7_cortexa9_0/include/pushbutton.h:35:14: error: expected declaration specifiers or '...' before '(' token
    Xil_Out32((BaseAddress) + (RegOffset), (u32)(Data))
              ^
../src/helloworld.c:759:2: note: in expansion of macro 'PUSHBUTTON_mWriteReg'
  PUSHBUTTON_mWriteReg(XPAR_PUSHBUTTON_0_S00_AXI_BASEADDR, PUSHBUTTON_S00_AXI_SLV_REG0_OFFSET,0);
  ^
../../ps_termproj_bsp/ps7_cortexa9_0/include/pushbutton.h:35:43: error: expected declaration specifiers or '...' before '(' token
    Xil_Out32((BaseAddress) + (RegOffset), (u32)(Data))
                                           ^
../src/helloworld.c:759:2: note: in expansion of macro 'PUSHBUTTON_mWriteReg'
  PUSHBUTTON_mWriteReg(XPAR_PUSHBUTTON_0_S00_AXI_BASEADDR, PUSHBUTTON_S00_AXI_SLV_REG0_OFFSET,0);
  ^
../src/helloworld.c:760:2: warning: data definition has no type or storage class [enabled by default]
  InterruptProcessed = TRUE;
  ^
../src/helloworld.c:760:2: warning: type defaults to 'int' in declaration of 'InterruptProcessed' [-Wimplicit-int]
../src/helloworld.c:760:2: error: conflicting type qualifiers for 'InterruptProcessed'
../src/helloworld.c:60:21: note: previous definition of 'InterruptProcessed' was here
 volatile static int InterruptProcessed = FALSE;
                     ^
../src/helloworld.c:761:1: error: expected identifier or '(' before '}' token
 }
 ^
make: *** [src/helloworld.o] 오류 1
19:57:04 **** Auto Build of configuration Debug for project ps_termproj ****
make all 
'Building file: ../src/helloworld.c'
'Invoking: ARM gcc compiler'
arm-xilinx-eabi-gcc -Wall -O0 -g3 -c -fmessage-length=0 -MT"src/helloworld.o" -I../../ps_termproj_bsp/ps7_cortexa9_0/include -MMD -MP -MF"src/helloworld.d" -MT"src/helloworld.d" -o "src/helloworld.o" "../src/helloworld.c"
../src/helloworld.c: In function 'main':
../src/helloworld.c:101:2: warning: "/*" within comment [-Wcomment]
  /*
 ^
../src/helloworld.c: In function 'DeviceDriverHandler':
../src/helloworld.c:730:5: error: break statement not within loop or switch
     break;
     ^
../src/helloworld.c:731:4: error: case label not within a switch statement
    case 3:
    ^
../src/helloworld.c:753:5: error: break statement not within loop or switch
     break;
     ^
In file included from ../src/helloworld.c:11:0:
../src/helloworld.c: At top level:
../../ps_termproj_bsp/ps7_cortexa9_0/include/pushbutton.h:35:14: error: expected declaration specifiers or '...' before '(' token
    Xil_Out32((BaseAddress) + (RegOffset), (u32)(Data))
              ^
../src/helloworld.c:759:2: note: in expansion of macro 'PUSHBUTTON_mWriteReg'
  PUSHBUTTON_mWriteReg(XPAR_PUSHBUTTON_0_S00_AXI_BASEADDR, PUSHBUTTON_S00_AXI_SLV_REG0_OFFSET,0);
  ^
../../ps_termproj_bsp/ps7_cortexa9_0/include/pushbutton.h:35:43: error: expected declaration specifiers or '...' before '(' token
    Xil_Out32((BaseAddress) + (RegOffset), (u32)(Data))
                                           ^
../src/helloworld.c:759:2: note: in expansion of macro 'PUSHBUTTON_mWriteReg'
  PUSHBUTTON_mWriteReg(XPAR_PUSHBUTTON_0_S00_AXI_BASEADDR, PUSHBUTTON_S00_AXI_SLV_REG0_OFFSET,0);
  ^
../src/helloworld.c:760:2: warning: data definition has no type or storage class [enabled by default]
  InterruptProcessed = TRUE;
  ^
../src/helloworld.c:760:2: warning: type defaults to 'int' in declaration of 'InterruptProcessed' [-Wimplicit-int]
../src/helloworld.c:760:2: error: conflicting type qualifiers for 'InterruptProcessed'
../src/helloworld.c:60:21: note: previous definition of 'InterruptProcessed' was here
 volatile static int InterruptProcessed = FALSE;
                     ^
../src/helloworld.c:761:1: error: expected identifier or '(' before '}' token
 }
 ^
make: *** [src/helloworld.o] 오류 1
19:58:18 **** Auto Build of configuration Debug for project ps_termproj ****
make all 
'Building file: ../src/helloworld.c'
'Invoking: ARM gcc compiler'
arm-xilinx-eabi-gcc -Wall -O0 -g3 -c -fmessage-length=0 -MT"src/helloworld.o" -I../../ps_termproj_bsp/ps7_cortexa9_0/include -MMD -MP -MF"src/helloworld.d" -MT"src/helloworld.d" -o "src/helloworld.o" "../src/helloworld.c"
../src/helloworld.c: In function 'main':
../src/helloworld.c:101:2: warning: "/*" within comment [-Wcomment]
  /*
 ^
../src/helloworld.c: In function 'DeviceDriverHandler':
../src/helloworld.c:734:5: error: break statement not within loop or switch
     break;
     ^
../src/helloworld.c:735:4: error: case label not within a switch statement
    case 3:
    ^
../src/helloworld.c:757:5: error: break statement not within loop or switch
     break;
     ^
In file included from ../src/helloworld.c:11:0:
../src/helloworld.c: At top level:
../../ps_termproj_bsp/ps7_cortexa9_0/include/pushbutton.h:35:14: error: expected declaration specifiers or '...' before '(' token
    Xil_Out32((BaseAddress) + (RegOffset), (u32)(Data))
              ^
../src/helloworld.c:763:2: note: in expansion of macro 'PUSHBUTTON_mWriteReg'
  PUSHBUTTON_mWriteReg(XPAR_PUSHBUTTON_0_S00_AXI_BASEADDR, PUSHBUTTON_S00_AXI_SLV_REG0_OFFSET,0);
  ^
../../ps_termproj_bsp/ps7_cortexa9_0/include/pushbutton.h:35:43: error: expected declaration specifiers or '...' before '(' token
    Xil_Out32((BaseAddress) + (RegOffset), (u32)(Data))
                                           ^
../src/helloworld.c:763:2: note: in expansion of macro 'PUSHBUTTON_mWriteReg'
  PUSHBUTTON_mWriteReg(XPAR_PUSHBUTTON_0_S00_AXI_BASEADDR, PUSHBUTTON_S00_AXI_SLV_REG0_OFFSET,0);
  ^
../src/helloworld.c:764:2: warning: data definition has no type or storage class [enabled by default]
  InterruptProcessed = TRUE;
  ^
../src/helloworld.c:764:2: warning: type defaults to 'int' in declaration of 'InterruptProcessed' [-Wimplicit-int]
../src/helloworld.c:764:2: error: conflicting type qualifiers for 'InterruptProcessed'
../src/helloworld.c:60:21: note: previous definition of 'InterruptProcessed' was here
 volatile static int InterruptProcessed = FALSE;
                     ^
../src/helloworld.c:765:1: error: expected identifier or '(' before '}' token
 }
 ^
make: *** [src/helloworld.o] 오류 1
19:58:39 **** Auto Build of configuration Debug for project ps_termproj ****
make all 
'Building file: ../src/helloworld.c'
'Invoking: ARM gcc compiler'
arm-xilinx-eabi-gcc -Wall -O0 -g3 -c -fmessage-length=0 -MT"src/helloworld.o" -I../../ps_termproj_bsp/ps7_cortexa9_0/include -MMD -MP -MF"src/helloworld.d" -MT"src/helloworld.d" -o "src/helloworld.o" "../src/helloworld.c"
../src/helloworld.c: In function 'main':
../src/helloworld.c:101:2: warning: "/*" within comment [-Wcomment]
  /*
 ^
../src/helloworld.c: In function 'DeviceDriverHandler':
../src/helloworld.c:734:5: error: break statement not within loop or switch
     break;
     ^
../src/helloworld.c:735:4: error: case label not within a switch statement
    case 3:
    ^
../src/helloworld.c:757:5: error: break statement not within loop or switch
     break;
     ^
In file included from ../src/helloworld.c:11:0:
../src/helloworld.c: At top level:
../../ps_termproj_bsp/ps7_cortexa9_0/include/pushbutton.h:35:14: error: expected declaration specifiers or '...' before '(' token
    Xil_Out32((BaseAddress) + (RegOffset), (u32)(Data))
              ^
../src/helloworld.c:763:2: note: in expansion of macro 'PUSHBUTTON_mWriteReg'
  PUSHBUTTON_mWriteReg(XPAR_PUSHBUTTON_0_S00_AXI_BASEADDR, PUSHBUTTON_S00_AXI_SLV_REG0_OFFSET,0);
  ^
../../ps_termproj_bsp/ps7_cortexa9_0/include/pushbutton.h:35:43: error: expected declaration specifiers or '...' before '(' token
    Xil_Out32((BaseAddress) + (RegOffset), (u32)(Data))
                                           ^
../src/helloworld.c:763:2: note: in expansion of macro 'PUSHBUTTON_mWriteReg'
  PUSHBUTTON_mWriteReg(XPAR_PUSHBUTTON_0_S00_AXI_BASEADDR, PUSHBUTTON_S00_AXI_SLV_REG0_OFFSET,0);
  ^
../src/helloworld.c:764:2: warning: data definition has no type or storage class [enabled by default]
  InterruptProcessed = TRUE;
  ^
../src/helloworld.c:764:2: warning: type defaults to 'int' in declaration of 'InterruptProcessed' [-Wimplicit-int]
../src/helloworld.c:764:2: error: conflicting type qualifiers for 'InterruptProcessed'
../src/helloworld.c:60:21: note: previous definition of 'InterruptProcessed' was here
 volatile static int InterruptProcessed = FALSE;
                     ^
../src/helloworld.c:765:1: error: expected identifier or '(' before '}' token
 }
 ^
make: *** [src/helloworld.o] 오류 1
19:59:35 **** Auto Build of configuration Debug for project ps_termproj ****
make all 
'Building file: ../src/helloworld.c'
'Invoking: ARM gcc compiler'
arm-xilinx-eabi-gcc -Wall -O0 -g3 -c -fmessage-length=0 -MT"src/helloworld.o" -I../../ps_termproj_bsp/ps7_cortexa9_0/include -MMD -MP -MF"src/helloworld.d" -MT"src/helloworld.d" -o "src/helloworld.o" "../src/helloworld.c"
../src/helloworld.c: In function 'main':
../src/helloworld.c:101:2: warning: "/*" within comment [-Wcomment]
  /*
 ^
../src/helloworld.c:113:14: warning: 'SendBuffer' may be used uninitialized in this function [-Wmaybe-uninitialized]
    IicStatus = ReadRTC(Iic, SendBuffer, RecvBuffer, 0x02, 7);
              ^
'Finished building: ../src/helloworld.c'
' '
'Building target: ps_termproj.elf'
'Invoking: ARM gcc linker'
arm-xilinx-eabi-gcc -Wl,-T -Wl,../src/lscript.ld -L../../ps_termproj_bsp/ps7_cortexa9_0/lib -o "ps_termproj.elf"  ./src/helloworld.o ./src/platform.o   -Wl,--start-group,-lxil,-lgcc,-lc,--end-group
'Finished building target: ps_termproj.elf'
' '
'Invoking: ARM Print Size'
arm-xilinx-eabi-size ps_termproj.elf  |tee "ps_termproj.elf.size"
   text	   data	    bss	    dec	    hex	filename
  41336	   2976	  22660	  66972	  1059c	ps_termproj.elf
'Finished building: ps_termproj.elf.size'
' '
20:00:11 **** Incremental Build of configuration Debug for project ps_termproj ****
make all 
make: `all'를 위해 할 일이 없습니다
20:00:41 **** Incremental Build of configuration Debug for project ps_termproj ****
make all 
make: `all'를 위해 할 일이 없습니다
20:06:57 **** Auto Build of configuration Debug for project ps_termproj ****
make all 
'Building file: ../src/helloworld.c'
'Invoking: ARM gcc compiler'
arm-xilinx-eabi-gcc -Wall -O0 -g3 -c -fmessage-length=0 -MT"src/helloworld.o" -I../../ps_termproj_bsp/ps7_cortexa9_0/include -MMD -MP -MF"src/helloworld.d" -MT"src/helloworld.d" -o "src/helloworld.o" "../src/helloworld.c"
../src/helloworld.c: In function 'main':
../src/helloworld.c:101:2: warning: "/*" within comment [-Wcomment]
  /*
 ^
../src/helloworld.c:113:14: warning: 'SendBuffer' may be used uninitialized in this function [-Wmaybe-uninitialized]
    IicStatus = ReadRTC(Iic, SendBuffer, RecvBuffer, 0x02, 7);
              ^
'Finished building: ../src/helloworld.c'
' '
'Building target: ps_termproj.elf'
'Invoking: ARM gcc linker'
arm-xilinx-eabi-gcc -Wl,-T -Wl,../src/lscript.ld -L../../ps_termproj_bsp/ps7_cortexa9_0/lib -o "ps_termproj.elf"  ./src/helloworld.o ./src/platform.o   -Wl,--start-group,-lxil,-lgcc,-lc,--end-group
'Finished building target: ps_termproj.elf'
' '
'Invoking: ARM Print Size'
arm-xilinx-eabi-size ps_termproj.elf  |tee "ps_termproj.elf.size"
   text	   data	    bss	    dec	    hex	filename
  41388	   2976	  22660	  67024	  105d0	ps_termproj.elf
'Finished building: ps_termproj.elf.size'
' '
20:07:28 **** Incremental Build of configuration Debug for project ps_termproj ****
make all 
make: `all'를 위해 할 일이 없습니다
20:07:50 **** Incremental Build of configuration Debug for project ps_termproj ****
make all 
make: `all'를 위해 할 일이 없습니다
20:10:27 **** Auto Build of configuration Debug for project ps_termproj ****
make all 
'Building file: ../src/helloworld.c'
'Invoking: ARM gcc compiler'
arm-xilinx-eabi-gcc -Wall -O0 -g3 -c -fmessage-length=0 -MT"src/helloworld.o" -I../../ps_termproj_bsp/ps7_cortexa9_0/include -MMD -MP -MF"src/helloworld.d" -MT"src/helloworld.d" -o "src/helloworld.o" "../src/helloworld.c"
../src/helloworld.c: In function 'main':
../src/helloworld.c:101:2: warning: "/*" within comment [-Wcomment]
  /*
 ^
../src/helloworld.c:113:14: warning: 'SendBuffer' may be used uninitialized in this function [-Wmaybe-uninitialized]
    IicStatus = ReadRTC(Iic, SendBuffer, RecvBuffer, 0x02, 7);
              ^
'Finished building: ../src/helloworld.c'
' '
'Building target: ps_termproj.elf'
'Invoking: ARM gcc linker'
arm-xilinx-eabi-gcc -Wl,-T -Wl,../src/lscript.ld -L../../ps_termproj_bsp/ps7_cortexa9_0/lib -o "ps_termproj.elf"  ./src/helloworld.o ./src/platform.o   -Wl,--start-group,-lxil,-lgcc,-lc,--end-group
'Finished building target: ps_termproj.elf'
' '
'Invoking: ARM Print Size'
arm-xilinx-eabi-size ps_termproj.elf  |tee "ps_termproj.elf.size"
   text	   data	    bss	    dec	    hex	filename
  41832	   2976	  22660	  67468	  1078c	ps_termproj.elf
'Finished building: ps_termproj.elf.size'
' '
20:10:29 **** Incremental Build of configuration Debug for project ps_termproj ****
make all 
make: `all'를 위해 할 일이 없습니다
20:10:53 **** Incremental Build of configuration Debug for project ps_termproj ****
make all 
make: `all'를 위해 할 일이 없습니다
20:12:07 **** Auto Build of configuration Debug for project ps_termproj ****
make all 
'Building file: ../src/helloworld.c'
'Invoking: ARM gcc compiler'
arm-xilinx-eabi-gcc -Wall -O0 -g3 -c -fmessage-length=0 -MT"src/helloworld.o" -I../../ps_termproj_bsp/ps7_cortexa9_0/include -MMD -MP -MF"src/helloworld.d" -MT"src/helloworld.d" -o "src/helloworld.o" "../src/helloworld.c"
../src/helloworld.c: In function 'main':
../src/helloworld.c:101:2: warning: "/*" within comment [-Wcomment]
  /*
 ^
../src/helloworld.c:113:14: warning: 'SendBuffer' may be used uninitialized in this function [-Wmaybe-uninitialized]
    IicStatus = ReadRTC(Iic, SendBuffer, RecvBuffer, 0x02, 7);
              ^
'Finished building: ../src/helloworld.c'
' '
'Building target: ps_termproj.elf'
'Invoking: ARM gcc linker'
arm-xilinx-eabi-gcc -Wl,-T -Wl,../src/lscript.ld -L../../ps_termproj_bsp/ps7_cortexa9_0/lib -o "ps_termproj.elf"  ./src/helloworld.o ./src/platform.o   -Wl,--start-group,-lxil,-lgcc,-lc,--end-group
'Finished building target: ps_termproj.elf'
' '
'Invoking: ARM Print Size'
arm-xilinx-eabi-size ps_termproj.elf  |tee "ps_termproj.elf.size"
   text	   data	    bss	    dec	    hex	filename
  41832	   2976	  22660	  67468	  1078c	ps_termproj.elf
'Finished building: ps_termproj.elf.size'
' '
20:12:10 **** Incremental Build of configuration Debug for project ps_termproj ****
make all 
make: `all'를 위해 할 일이 없습니다
20:12:35 **** Incremental Build of configuration Debug for project ps_termproj ****
make all 
make: `all'를 위해 할 일이 없습니다
20:17:13 **** Auto Build of configuration Debug for project ps_termproj ****
make all 
'Building file: ../src/helloworld.c'
'Invoking: ARM gcc compiler'
arm-xilinx-eabi-gcc -Wall -O0 -g3 -c -fmessage-length=0 -MT"src/helloworld.o" -I../../ps_termproj_bsp/ps7_cortexa9_0/include -MMD -MP -MF"src/helloworld.d" -MT"src/helloworld.d" -o "src/helloworld.o" "../src/helloworld.c"
../src/helloworld.c: In function 'main':
../src/helloworld.c:101:2: warning: "/*" within comment [-Wcomment]
  /*
 ^
../src/helloworld.c:113:14: warning: 'SendBuffer' may be used uninitialized in this function [-Wmaybe-uninitialized]
    IicStatus = ReadRTC(Iic, SendBuffer, RecvBuffer, 0x02, 7);
              ^
'Finished building: ../src/helloworld.c'
' '
'Building target: ps_termproj.elf'
'Invoking: ARM gcc linker'
arm-xilinx-eabi-gcc -Wl,-T -Wl,../src/lscript.ld -L../../ps_termproj_bsp/ps7_cortexa9_0/lib -o "ps_termproj.elf"  ./src/helloworld.o ./src/platform.o   -Wl,--start-group,-lxil,-lgcc,-lc,--end-group
'Finished building target: ps_termproj.elf'
' '
'Invoking: ARM Print Size'
arm-xilinx-eabi-size ps_termproj.elf  |tee "ps_termproj.elf.size"
   text	   data	    bss	    dec	    hex	filename
  41856	   2976	  22660	  67492	  107a4	ps_termproj.elf
'Finished building: ps_termproj.elf.size'
' '
20:17:16 **** Incremental Build of configuration Debug for project ps_termproj ****
make all 
make: `all'를 위해 할 일이 없습니다
20:17:36 **** Incremental Build of configuration Debug for project ps_termproj ****
make all 
make: `all'를 위해 할 일이 없습니다
20:18:21 **** Incremental Build of configuration Debug for project ps_termproj ****
make all 
make: `all'를 위해 할 일이 없습니다
20:18:27 **** Incremental Build of configuration Debug for project ps_termproj ****
make all 
make: `all'를 위해 할 일이 없습니다
20:21:39 **** Auto Build of configuration Debug for project ps_termproj ****
make all 
'Building file: ../src/helloworld.c'
'Invoking: ARM gcc compiler'
arm-xilinx-eabi-gcc -Wall -O0 -g3 -c -fmessage-length=0 -MT"src/helloworld.o" -I../../ps_termproj_bsp/ps7_cortexa9_0/include -MMD -MP -MF"src/helloworld.d" -MT"src/helloworld.d" -o "src/helloworld.o" "../src/helloworld.c"
../src/helloworld.c: In function 'main':
../src/helloworld.c:101:2: warning: "/*" within comment [-Wcomment]
  /*
 ^
../src/helloworld.c:152:5: error: too few arguments to function 'strncpy'
     strncpy(TlcdReg_downline, "Setting Time    ");
     ^
../src/helloworld.c:194:5: error: too few arguments to function 'strncpy'
     strncpy(TlcdReg_downline, "Setting Date    ");
     ^
make: *** [src/helloworld.o] 오류 1
20:22:19 **** Incremental Build of configuration Debug for project ps_termproj ****
make all 
'Building file: ../src/helloworld.c'
'Invoking: ARM gcc compiler'
arm-xilinx-eabi-gcc -Wall -O0 -g3 -c -fmessage-length=0 -MT"src/helloworld.o" -I../../ps_termproj_bsp/ps7_cortexa9_0/include -MMD -MP -MF"src/helloworld.d" -MT"src/helloworld.d" -o "src/helloworld.o" "../src/helloworld.c"
../src/helloworld.c: In function 'main':
../src/helloworld.c:101:2: warning: "/*" within comment [-Wcomment]
  /*
 ^
../src/helloworld.c:152:5: error: too few arguments to function 'strncpy'
     strncpy(TlcdReg_downline, "Setting Time    ");
     ^
../src/helloworld.c:194:5: error: too few arguments to function 'strncpy'
     strncpy(TlcdReg_downline, "Setting Date    ");
     ^
make: *** [src/helloworld.o] 오류 1
20:23:08 **** Incremental Build of configuration Debug for project ps_termproj ****
make all 
'Building file: ../src/helloworld.c'
'Invoking: ARM gcc compiler'
arm-xilinx-eabi-gcc -Wall -O0 -g3 -c -fmessage-length=0 -MT"src/helloworld.o" -I../../ps_termproj_bsp/ps7_cortexa9_0/include -MMD -MP -MF"src/helloworld.d" -MT"src/helloworld.d" -o "src/helloworld.o" "../src/helloworld.c"
../src/helloworld.c: In function 'main':
../src/helloworld.c:101:2: warning: "/*" within comment [-Wcomment]
  /*
 ^
../src/helloworld.c:152:5: error: too few arguments to function 'strncpy'
     strncpy(TlcdReg_downline, "Setting Time    ");
     ^
../src/helloworld.c:194:5: error: too few arguments to function 'strncpy'
     strncpy(TlcdReg_downline, "Setting Date    ");
     ^
make: *** [src/helloworld.o] 오류 1
20:24:49 **** Incremental Build of configuration Debug for project ps_termproj ****
make all 
'Building file: ../src/helloworld.c'
'Invoking: ARM gcc compiler'
arm-xilinx-eabi-gcc -Wall -O0 -g3 -c -fmessage-length=0 -MT"src/helloworld.o" -I../../ps_termproj_bsp/ps7_cortexa9_0/include -MMD -MP -MF"src/helloworld.d" -MT"src/helloworld.d" -o "src/helloworld.o" "../src/helloworld.c"
../src/helloworld.c: In function 'main':
../src/helloworld.c:101:2: warning: "/*" within comment [-Wcomment]
  /*
 ^
../src/helloworld.c:152:5: error: too few arguments to function 'strncpy'
     strncpy(TlcdReg_downline, "Setting Time    ");
     ^
../src/helloworld.c:194:5: error: too few arguments to function 'strncpy'
     strncpy(TlcdReg_downline, "Setting Date    ");
     ^
make: *** [src/helloworld.o] 오류 1
20:26:39 **** Auto Build of configuration Debug for project ps_termproj ****
make all 
'Building file: ../src/helloworld.c'
'Invoking: ARM gcc compiler'
arm-xilinx-eabi-gcc -Wall -O0 -g3 -c -fmessage-length=0 -MT"src/helloworld.o" -I../../ps_termproj_bsp/ps7_cortexa9_0/include -MMD -MP -MF"src/helloworld.d" -MT"src/helloworld.d" -o "src/helloworld.o" "../src/helloworld.c"
../src/helloworld.c: In function 'main':
../src/helloworld.c:101:2: warning: "/*" within comment [-Wcomment]
  /*
 ^
../src/helloworld.c:194:5: error: too few arguments to function 'strncpy'
     strncpy(TlcdReg_downline, "Setting Date    ");
     ^
make: *** [src/helloworld.o] 오류 1
20:26:46 **** Auto Build of configuration Debug for project ps_termproj ****
make all 
'Building file: ../src/helloworld.c'
'Invoking: ARM gcc compiler'
arm-xilinx-eabi-gcc -Wall -O0 -g3 -c -fmessage-length=0 -MT"src/helloworld.o" -I../../ps_termproj_bsp/ps7_cortexa9_0/include -MMD -MP -MF"src/helloworld.d" -MT"src/helloworld.d" -o "src/helloworld.o" "../src/helloworld.c"
../src/helloworld.c: In function 'main':
../src/helloworld.c:101:2: warning: "/*" within comment [-Wcomment]
  /*
 ^
../src/helloworld.c:113:14: warning: 'SendBuffer' may be used uninitialized in this function [-Wmaybe-uninitialized]
    IicStatus = ReadRTC(Iic, SendBuffer, RecvBuffer, 0x02, 7);
              ^
'Finished building: ../src/helloworld.c'
' '
'Building target: ps_termproj.elf'
'Invoking: ARM gcc linker'
arm-xilinx-eabi-gcc -Wl,-T -Wl,../src/lscript.ld -L../../ps_termproj_bsp/ps7_cortexa9_0/lib -o "ps_termproj.elf"  ./src/helloworld.o ./src/platform.o   -Wl,--start-group,-lxil,-lgcc,-lc,--end-group
'Finished building target: ps_termproj.elf'
' '
'Invoking: ARM Print Size'
arm-xilinx-eabi-size ps_termproj.elf  |tee "ps_termproj.elf.size"
   text	   data	    bss	    dec	    hex	filename
  41664	   2976	  22660	  67300	  106e4	ps_termproj.elf
'Finished building: ps_termproj.elf.size'
' '
20:26:51 **** Incremental Build of configuration Debug for project ps_termproj ****
make all 
make: `all'를 위해 할 일이 없습니다
20:27:20 **** Incremental Build of configuration Debug for project ps_termproj ****
make all 
make: `all'를 위해 할 일이 없습니다
20:31:00 **** Auto Build of configuration Debug for project ps_termproj ****
make all 
'Building file: ../src/helloworld.c'
'Invoking: ARM gcc compiler'
arm-xilinx-eabi-gcc -Wall -O0 -g3 -c -fmessage-length=0 -MT"src/helloworld.o" -I../../ps_termproj_bsp/ps7_cortexa9_0/include -MMD -MP -MF"src/helloworld.d" -MT"src/helloworld.d" -o "src/helloworld.o" "../src/helloworld.c"
../src/helloworld.c: In function 'main':
../src/helloworld.c:101:2: warning: "/*" within comment [-Wcomment]
  /*
 ^
../src/helloworld.c:113:14: warning: 'SendBuffer' may be used uninitialized in this function [-Wmaybe-uninitialized]
    IicStatus = ReadRTC(Iic, SendBuffer, RecvBuffer, 0x02, 7);
              ^
'Finished building: ../src/helloworld.c'
' '
'Building target: ps_termproj.elf'
'Invoking: ARM gcc linker'
arm-xilinx-eabi-gcc -Wl,-T -Wl,../src/lscript.ld -L../../ps_termproj_bsp/ps7_cortexa9_0/lib -o "ps_termproj.elf"  ./src/helloworld.o ./src/platform.o   -Wl,--start-group,-lxil,-lgcc,-lc,--end-group
'Finished building target: ps_termproj.elf'
' '
'Invoking: ARM Print Size'
arm-xilinx-eabi-size ps_termproj.elf  |tee "ps_termproj.elf.size"
   text	   data	    bss	    dec	    hex	filename
  41664	   2976	  22660	  67300	  106e4	ps_termproj.elf
'Finished building: ps_termproj.elf.size'
' '
20:31:03 **** Incremental Build of configuration Debug for project ps_termproj ****
make all 
make: `all'를 위해 할 일이 없습니다
20:31:39 **** Incremental Build of configuration Debug for project ps_termproj ****
make all 
make: `all'를 위해 할 일이 없습니다
20:31:59 **** Incremental Build of configuration Debug for project ps_termproj ****
make all 
make: `all'를 위해 할 일이 없습니다
20:32:21 **** Incremental Build of configuration Debug for project ps_termproj ****
make all 
make: `all'를 위해 할 일이 없습니다
20:37:31 **** Auto Build of configuration Debug for project ps_termproj ****
make all 
'Building file: ../src/helloworld.c'
'Invoking: ARM gcc compiler'
arm-xilinx-eabi-gcc -Wall -O0 -g3 -c -fmessage-length=0 -MT"src/helloworld.o" -I../../ps_termproj_bsp/ps7_cortexa9_0/include -MMD -MP -MF"src/helloworld.d" -MT"src/helloworld.d" -o "src/helloworld.o" "../src/helloworld.c"
../src/helloworld.c: In function 'main':
../src/helloworld.c:101:2: warning: "/*" within comment [-Wcomment]
  /*
 ^
../src/helloworld.c:113:14: warning: 'SendBuffer' may be used uninitialized in this function [-Wmaybe-uninitialized]
    IicStatus = ReadRTC(Iic, SendBuffer, RecvBuffer, 0x02, 7);
              ^
'Finished building: ../src/helloworld.c'
' '
'Building target: ps_termproj.elf'
'Invoking: ARM gcc linker'
arm-xilinx-eabi-gcc -Wl,-T -Wl,../src/lscript.ld -L../../ps_termproj_bsp/ps7_cortexa9_0/lib -o "ps_termproj.elf"  ./src/helloworld.o ./src/platform.o   -Wl,--start-group,-lxil,-lgcc,-lc,--end-group
'Finished building target: ps_termproj.elf'
' '
'Invoking: ARM Print Size'
arm-xilinx-eabi-size ps_termproj.elf  |tee "ps_termproj.elf.size"
   text	   data	    bss	    dec	    hex	filename
  41012	   2976	  22660	  66648	  10458	ps_termproj.elf
'Finished building: ps_termproj.elf.size'
' '
20:38:47 **** Incremental Build of configuration Debug for project ps_termproj ****
make all 
make: `all'를 위해 할 일이 없습니다
20:39:51 **** Incremental Build of configuration Debug for project ps_termproj ****
make all 
make: `all'를 위해 할 일이 없습니다
20:40:08 **** Incremental Build of configuration Debug for project ps_termproj ****
make all 
make: `all'를 위해 할 일이 없습니다
20:40:41 **** Auto Build of configuration Debug for project ps_termproj ****
make all 
'Building file: ../src/helloworld.c'
'Invoking: ARM gcc compiler'
arm-xilinx-eabi-gcc -Wall -O0 -g3 -c -fmessage-length=0 -MT"src/helloworld.o" -I../../ps_termproj_bsp/ps7_cortexa9_0/include -MMD -MP -MF"src/helloworld.d" -MT"src/helloworld.d" -o "src/helloworld.o" "../src/helloworld.c"
../src/helloworld.c: In function 'main':
../src/helloworld.c:100:2: warning: "/*" within comment [-Wcomment]
  /*
 ^
../src/helloworld.c:112:14: warning: 'SendBuffer' may be used uninitialized in this function [-Wmaybe-uninitialized]
    IicStatus = ReadRTC(Iic, SendBuffer, RecvBuffer, 0x02, 7);
              ^
'Finished building: ../src/helloworld.c'
' '
'Building target: ps_termproj.elf'
'Invoking: ARM gcc linker'
arm-xilinx-eabi-gcc -Wl,-T -Wl,../src/lscript.ld -L../../ps_termproj_bsp/ps7_cortexa9_0/lib -o "ps_termproj.elf"  ./src/helloworld.o ./src/platform.o   -Wl,--start-group,-lxil,-lgcc,-lc,--end-group
'Finished building target: ps_termproj.elf'
' '
'Invoking: ARM Print Size'
arm-xilinx-eabi-size ps_termproj.elf  |tee "ps_termproj.elf.size"
   text	   data	    bss	    dec	    hex	filename
  41012	   2976	  22660	  66648	  10458	ps_termproj.elf
'Finished building: ps_termproj.elf.size'
' '
20:40:44 **** Incremental Build of configuration Debug for project ps_termproj ****
make all 
make: `all'를 위해 할 일이 없습니다
20:41:05 **** Incremental Build of configuration Debug for project ps_termproj ****
make all 
make: `all'를 위해 할 일이 없습니다
20:47:55 **** Auto Build of configuration Debug for project ps_termproj ****
make all 
'Building file: ../src/helloworld.c'
'Invoking: ARM gcc compiler'
arm-xilinx-eabi-gcc -Wall -O0 -g3 -c -fmessage-length=0 -MT"src/helloworld.o" -I../../ps_termproj_bsp/ps7_cortexa9_0/include -MMD -MP -MF"src/helloworld.d" -MT"src/helloworld.d" -o "src/helloworld.o" "../src/helloworld.c"
../src/helloworld.c: In function 'main':
../src/helloworld.c:100:2: warning: "/*" within comment [-Wcomment]
  /*
 ^
../src/helloworld.c:112:14: warning: 'SendBuffer' may be used uninitialized in this function [-Wmaybe-uninitialized]
    IicStatus = ReadRTC(Iic, SendBuffer, RecvBuffer, 0x02, 7);
              ^
'Finished building: ../src/helloworld.c'
' '
'Building target: ps_termproj.elf'
'Invoking: ARM gcc linker'
arm-xilinx-eabi-gcc -Wl,-T -Wl,../src/lscript.ld -L../../ps_termproj_bsp/ps7_cortexa9_0/lib -o "ps_termproj.elf"  ./src/helloworld.o ./src/platform.o   -Wl,--start-group,-lxil,-lgcc,-lc,--end-group
'Finished building target: ps_termproj.elf'
' '
'Invoking: ARM Print Size'
arm-xilinx-eabi-size ps_termproj.elf  |tee "ps_termproj.elf.size"
   text	   data	    bss	    dec	    hex	filename
  41032	   2976	  22660	  66668	  1046c	ps_termproj.elf
'Finished building: ps_termproj.elf.size'
' '
20:48:06 **** Incremental Build of configuration Debug for project ps_termproj ****
make all 
make: `all'를 위해 할 일이 없습니다
20:48:59 **** Incremental Build of configuration Debug for project ps_termproj ****
make all 
make: `all'를 위해 할 일이 없습니다
11:02:06 **** Auto Build of project ps_termproj_bsp ****
make -k all 
"Running Make include in ps7_cortexa9_0/libsrc/cpu_cortexa9_v2_1/src"
make -C ps7_cortexa9_0/libsrc/cpu_cortexa9_v2_1/src -s include  "SHELL=CMD" "COMPILER=arm-xilinx-eabi-gcc" "ARCHIVER=arm-xilinx-eabi-ar" "COMPILER_FLAGS=  -O2 -c" "EXTRA_COMPILER_FLAGS=-g"
"Running Make include in ps7_cortexa9_0/libsrc/devcfg_v3_2/src"
make -C ps7_cortexa9_0/libsrc/devcfg_v3_2/src -s include  "SHELL=CMD" "COMPILER=arm-xilinx-eabi-gcc" "ARCHIVER=arm-xilinx-eabi-ar" "COMPILER_FLAGS=  -O2 -c" "EXTRA_COMPILER_FLAGS=-g"
"Running Make include in ps7_cortexa9_0/libsrc/dmaps_v2_1/src"
make -C ps7_cortexa9_0/libsrc/dmaps_v2_1/src -s include  "SHELL=CMD" "COMPILER=arm-xilinx-eabi-gcc" "ARCHIVER=arm-xilinx-eabi-ar" "COMPILER_FLAGS=  -O2 -c" "EXTRA_COMPILER_FLAGS=-g"
"Running Make include in ps7_cortexa9_0/libsrc/iicps_v2_3/src"
make -C ps7_cortexa9_0/libsrc/iicps_v2_3/src -s include  "SHELL=CMD" "COMPILER=arm-xilinx-eabi-gcc" "ARCHIVER=arm-xilinx-eabi-ar" "COMPILER_FLAGS=  -O2 -c" "EXTRA_COMPILER_FLAGS=-g"
"Running Make include in ps7_cortexa9_0/libsrc/pushbutton_v1_0/src"
make -C ps7_cortexa9_0/libsrc/pushbutton_v1_0/src -s include  "SHELL=CMD" "COMPILER=arm-xilinx-eabi-gcc" "ARCHIVER=arm-xilinx-eabi-ar" "COMPILER_FLAGS=  -O2 -c" "EXTRA_COMPILER_FLAGS=-g"
"Running Make include in ps7_cortexa9_0/libsrc/pwm_gen_v1_0/src"
make -C ps7_cortexa9_0/libsrc/pwm_gen_v1_0/src -s include  "SHELL=CMD" "COMPILER=arm-xilinx-eabi-gcc" "ARCHIVER=arm-xilinx-eabi-ar" "COMPILER_FLAGS=  -O2 -c" "EXTRA_COMPILER_FLAGS=-g"
"Running Make include in ps7_cortexa9_0/libsrc/scugic_v2_1/src"
make -C ps7_cortexa9_0/libsrc/scugic_v2_1/src -s include  "SHELL=CMD" "COMPILER=arm-xilinx-eabi-gcc" "ARCHIVER=arm-xilinx-eabi-ar" "COMPILER_FLAGS=  -O2 -c" "EXTRA_COMPILER_FLAGS=-g"
"Running Make include in ps7_cortexa9_0/libsrc/scutimer_v2_0/src"
make -C ps7_cortexa9_0/libsrc/scutimer_v2_0/src -s include  "SHELL=CMD" "COMPILER=arm-xilinx-eabi-gcc" "ARCHIVER=arm-xilinx-eabi-ar" "COMPILER_FLAGS=  -O2 -c" "EXTRA_COMPILER_FLAGS=-g"
"Running Make include in ps7_cortexa9_0/libsrc/scuwdt_v2_0/src"
make -C ps7_cortexa9_0/libsrc/scuwdt_v2_0/src -s include  "SHELL=CMD" "COMPILER=arm-xilinx-eabi-gcc" "ARCHIVER=arm-xilinx-eabi-ar" "COMPILER_FLAGS=  -O2 -c" "EXTRA_COMPILER_FLAGS=-g"
"Running Make include in ps7_cortexa9_0/libsrc/seven_seg_v1_0/src"
make -C ps7_cortexa9_0/libsrc/seven_seg_v1_0/src -s include  "SHELL=CMD" "COMPILER=arm-xilinx-eabi-gcc" "ARCHIVER=arm-xilinx-eabi-ar" "COMPILER_FLAGS=  -O2 -c" "EXTRA_COMPILER_FLAGS=-g"
"Running Make include in ps7_cortexa9_0/libsrc/standalone_v4_2/src"
make -C ps7_cortexa9_0/libsrc/standalone_v4_2/src -s include  "SHELL=CMD" "COMPILER=arm-xilinx-eabi-gcc" "ARCHIVER=arm-xilinx-eabi-ar" "COMPILER_FLAGS=  -O2 -c" "EXTRA_COMPILER_FLAGS=-g"
"Running Make include in ps7_cortexa9_0/libsrc/textlcd_v1_0/src"
make -C ps7_cortexa9_0/libsrc/textlcd_v1_0/src -s include  "SHELL=CMD" "COMPILER=arm-xilinx-eabi-gcc" "ARCHIVER=arm-xilinx-eabi-ar" "COMPILER_FLAGS=  -O2 -c" "EXTRA_COMPILER_FLAGS=-g"
"Running Make include in ps7_cortexa9_0/libsrc/uartps_v2_2/src"
make -C ps7_cortexa9_0/libsrc/uartps_v2_2/src -s include  "SHELL=CMD" "COMPILER=arm-xilinx-eabi-gcc" "ARCHIVER=arm-xilinx-eabi-ar" "COMPILER_FLAGS=  -O2 -c" "EXTRA_COMPILER_FLAGS=-g"
"Running Make include in ps7_cortexa9_0/libsrc/xadcps_v2_1/src"
make -C ps7_cortexa9_0/libsrc/xadcps_v2_1/src -s include  "SHELL=CMD" "COMPILER=arm-xilinx-eabi-gcc" "ARCHIVER=arm-xilinx-eabi-ar" "COMPILER_FLAGS=  -O2 -c" "EXTRA_COMPILER_FLAGS=-g"
"Running Make libs in ps7_cortexa9_0/libsrc/cpu_cortexa9_v2_1/src"
make -C ps7_cortexa9_0/libsrc/cpu_cortexa9_v2_1/src -s libs  "SHELL=CMD" "COMPILER=arm-xilinx-eabi-gcc" "ARCHIVER=arm-xilinx-eabi-ar" "COMPILER_FLAGS=  -O2 -c" "EXTRA_COMPILER_FLAGS=-g"
"Compiling cpu_cortexa9"
"Running Make libs in ps7_cortexa9_0/libsrc/devcfg_v3_2/src"
make -C ps7_cortexa9_0/libsrc/devcfg_v3_2/src -s libs  "SHELL=CMD" "COMPILER=arm-xilinx-eabi-gcc" "ARCHIVER=arm-xilinx-eabi-ar" "COMPILER_FLAGS=  -O2 -c" "EXTRA_COMPILER_FLAGS=-g"
"Compiling devcfg"
"Running Make libs in ps7_cortexa9_0/libsrc/dmaps_v2_1/src"
make -C ps7_cortexa9_0/libsrc/dmaps_v2_1/src -s libs  "SHELL=CMD" "COMPILER=arm-xilinx-eabi-gcc" "ARCHIVER=arm-xilinx-eabi-ar" "COMPILER_FLAGS=  -O2 -c" "EXTRA_COMPILER_FLAGS=-g"
"Compiling dmaps"
"Running Make libs in ps7_cortexa9_0/libsrc/iicps_v2_3/src"
make -C ps7_cortexa9_0/libsrc/iicps_v2_3/src -s libs  "SHELL=CMD" "COMPILER=arm-xilinx-eabi-gcc" "ARCHIVER=arm-xilinx-eabi-ar" "COMPILER_FLAGS=  -O2 -c" "EXTRA_COMPILER_FLAGS=-g"
"Compiling iicps"
"Running Make libs in ps7_cortexa9_0/libsrc/pushbutton_v1_0/src"
make -C ps7_cortexa9_0/libsrc/pushbutton_v1_0/src -s libs  "SHELL=CMD" "COMPILER=arm-xilinx-eabi-gcc" "ARCHIVER=arm-xilinx-eabi-ar" "COMPILER_FLAGS=  -O2 -c" "EXTRA_COMPILER_FLAGS=-g"
"Compiling pushbutton..."
"Running Make libs in ps7_cortexa9_0/libsrc/pwm_gen_v1_0/src"
make -C ps7_cortexa9_0/libsrc/pwm_gen_v1_0/src -s libs  "SHELL=CMD" "COMPILER=arm-xilinx-eabi-gcc" "ARCHIVER=arm-xilinx-eabi-ar" "COMPILER_FLAGS=  -O2 -c" "EXTRA_COMPILER_FLAGS=-g"
"Compiling pwm_gen..."
"Running Make libs in ps7_cortexa9_0/libsrc/scugic_v2_1/src"
make -C ps7_cortexa9_0/libsrc/scugic_v2_1/src -s libs  "SHELL=CMD" "COMPILER=arm-xilinx-eabi-gcc" "ARCHIVER=arm-xilinx-eabi-ar" "COMPILER_FLAGS=  -O2 -c" "EXTRA_COMPILER_FLAGS=-g"
"Compiling scugic"
"Running Make libs in ps7_cortexa9_0/libsrc/scutimer_v2_0/src"
make -C ps7_cortexa9_0/libsrc/scutimer_v2_0/src -s libs  "SHELL=CMD" "COMPILER=arm-xilinx-eabi-gcc" "ARCHIVER=arm-xilinx-eabi-ar" "COMPILER_FLAGS=  -O2 -c" "EXTRA_COMPILER_FLAGS=-g"
"Compiling scutimer"
"Running Make libs in ps7_cortexa9_0/libsrc/scuwdt_v2_0/src"
make -C ps7_cortexa9_0/libsrc/scuwdt_v2_0/src -s libs  "SHELL=CMD" "COMPILER=arm-xilinx-eabi-gcc" "ARCHIVER=arm-xilinx-eabi-ar" "COMPILER_FLAGS=  -O2 -c" "EXTRA_COMPILER_FLAGS=-g"
"Compiling scuwdt"
"Running Make libs in ps7_cortexa9_0/libsrc/seven_seg_v1_0/src"
make -C ps7_cortexa9_0/libsrc/seven_seg_v1_0/src -s libs  "SHELL=CMD" "COMPILER=arm-xilinx-eabi-gcc" "ARCHIVER=arm-xilinx-eabi-ar" "COMPILER_FLAGS=  -O2 -c" "EXTRA_COMPILER_FLAGS=-g"
"Compiling seven_seg..."
"Running Make libs in ps7_cortexa9_0/libsrc/standalone_v4_2/src"
make -C ps7_cortexa9_0/libsrc/standalone_v4_2/src -s libs  "SHELL=CMD" "COMPILER=arm-xilinx-eabi-gcc" "ARCHIVER=arm-xilinx-eabi-ar" "COMPILER_FLAGS=  -O2 -c" "EXTRA_COMPILER_FLAGS=-g"
"Compiling standalone"
"Running Make libs in ps7_cortexa9_0/libsrc/textlcd_v1_0/src"
make -C ps7_cortexa9_0/libsrc/textlcd_v1_0/src -s libs  "SHELL=CMD" "COMPILER=arm-xilinx-eabi-gcc" "ARCHIVER=arm-xilinx-eabi-ar" "COMPILER_FLAGS=  -O2 -c" "EXTRA_COMPILER_FLAGS=-g"
"Compiling textlcd..."
"Running Make libs in ps7_cortexa9_0/libsrc/uartps_v2_2/src"
make -C ps7_cortexa9_0/libsrc/uartps_v2_2/src -s libs  "SHELL=CMD" "COMPILER=arm-xilinx-eabi-gcc" "ARCHIVER=arm-xilinx-eabi-ar" "COMPILER_FLAGS=  -O2 -c" "EXTRA_COMPILER_FLAGS=-g"
"Compiling uartps"
"Running Make libs in ps7_cortexa9_0/libsrc/xadcps_v2_1/src"
make -C ps7_cortexa9_0/libsrc/xadcps_v2_1/src -s libs  "SHELL=CMD" "COMPILER=arm-xilinx-eabi-gcc" "ARCHIVER=arm-xilinx-eabi-ar" "COMPILER_FLAGS=  -O2 -c" "EXTRA_COMPILER_FLAGS=-g"
"Compiling xadcps"
'Finished building libraries'
11:02:20 **** Auto Build of project ps_termproj_bsp ****
make -k all 
"Running Make include in ps7_cortexa9_0/libsrc/cpu_cortexa9_v2_1/src"
make -C ps7_cortexa9_0/libsrc/cpu_cortexa9_v2_1/src -s include  "SHELL=CMD" "COMPILER=arm-xilinx-eabi-gcc" "ARCHIVER=arm-xilinx-eabi-ar" "COMPILER_FLAGS=  -O2 -c" "EXTRA_COMPILER_FLAGS=-g"
"Running Make include in ps7_cortexa9_0/libsrc/devcfg_v3_2/src"
make -C ps7_cortexa9_0/libsrc/devcfg_v3_2/src -s include  "SHELL=CMD" "COMPILER=arm-xilinx-eabi-gcc" "ARCHIVER=arm-xilinx-eabi-ar" "COMPILER_FLAGS=  -O2 -c" "EXTRA_COMPILER_FLAGS=-g"
"Running Make include in ps7_cortexa9_0/libsrc/dmaps_v2_1/src"
make -C ps7_cortexa9_0/libsrc/dmaps_v2_1/src -s include  "SHELL=CMD" "COMPILER=arm-xilinx-eabi-gcc" "ARCHIVER=arm-xilinx-eabi-ar" "COMPILER_FLAGS=  -O2 -c" "EXTRA_COMPILER_FLAGS=-g"
"Running Make include in ps7_cortexa9_0/libsrc/iicps_v2_3/src"
make -C ps7_cortexa9_0/libsrc/iicps_v2_3/src -s include  "SHELL=CMD" "COMPILER=arm-xilinx-eabi-gcc" "ARCHIVER=arm-xilinx-eabi-ar" "COMPILER_FLAGS=  -O2 -c" "EXTRA_COMPILER_FLAGS=-g"
"Running Make include in ps7_cortexa9_0/libsrc/pushbutton_v1_0/src"
make -C ps7_cortexa9_0/libsrc/pushbutton_v1_0/src -s include  "SHELL=CMD" "COMPILER=arm-xilinx-eabi-gcc" "ARCHIVER=arm-xilinx-eabi-ar" "COMPILER_FLAGS=  -O2 -c" "EXTRA_COMPILER_FLAGS=-g"
"Running Make include in ps7_cortexa9_0/libsrc/pwm_gen_v1_0/src"
make -C ps7_cortexa9_0/libsrc/pwm_gen_v1_0/src -s include  "SHELL=CMD" "COMPILER=arm-xilinx-eabi-gcc" "ARCHIVER=arm-xilinx-eabi-ar" "COMPILER_FLAGS=  -O2 -c" "EXTRA_COMPILER_FLAGS=-g"
"Running Make include in ps7_cortexa9_0/libsrc/scugic_v2_1/src"
make -C ps7_cortexa9_0/libsrc/scugic_v2_1/src -s include  "SHELL=CMD" "COMPILER=arm-xilinx-eabi-gcc" "ARCHIVER=arm-xilinx-eabi-ar" "COMPILER_FLAGS=  -O2 -c" "EXTRA_COMPILER_FLAGS=-g"
"Running Make include in ps7_cortexa9_0/libsrc/scutimer_v2_0/src"
make -C ps7_cortexa9_0/libsrc/scutimer_v2_0/src -s include  "SHELL=CMD" "COMPILER=arm-xilinx-eabi-gcc" "ARCHIVER=arm-xilinx-eabi-ar" "COMPILER_FLAGS=  -O2 -c" "EXTRA_COMPILER_FLAGS=-g"
"Running Make include in ps7_cortexa9_0/libsrc/scuwdt_v2_0/src"
make -C ps7_cortexa9_0/libsrc/scuwdt_v2_0/src -s include  "SHELL=CMD" "COMPILER=arm-xilinx-eabi-gcc" "ARCHIVER=arm-xilinx-eabi-ar" "COMPILER_FLAGS=  -O2 -c" "EXTRA_COMPILER_FLAGS=-g"
"Running Make include in ps7_cortexa9_0/libsrc/seven_seg_v1_0/src"
make -C ps7_cortexa9_0/libsrc/seven_seg_v1_0/src -s include  "SHELL=CMD" "COMPILER=arm-xilinx-eabi-gcc" "ARCHIVER=arm-xilinx-eabi-ar" "COMPILER_FLAGS=  -O2 -c" "EXTRA_COMPILER_FLAGS=-g"
"Running Make include in ps7_cortexa9_0/libsrc/standalone_v4_2/src"
make -C ps7_cortexa9_0/libsrc/standalone_v4_2/src -s include  "SHELL=CMD" "COMPILER=arm-xilinx-eabi-gcc" "ARCHIVER=arm-xilinx-eabi-ar" "COMPILER_FLAGS=  -O2 -c" "EXTRA_COMPILER_FLAGS=-g"
"Running Make include in ps7_cortexa9_0/libsrc/textlcd_v1_0/src"
make -C ps7_cortexa9_0/libsrc/textlcd_v1_0/src -s include  "SHELL=CMD" "COMPILER=arm-xilinx-eabi-gcc" "ARCHIVER=arm-xilinx-eabi-ar" "COMPILER_FLAGS=  -O2 -c" "EXTRA_COMPILER_FLAGS=-g"
"Running Make include in ps7_cortexa9_0/libsrc/uartps_v2_2/src"
make -C ps7_cortexa9_0/libsrc/uartps_v2_2/src -s include  "SHELL=CMD" "COMPILER=arm-xilinx-eabi-gcc" "ARCHIVER=arm-xilinx-eabi-ar" "COMPILER_FLAGS=  -O2 -c" "EXTRA_COMPILER_FLAGS=-g"
"Running Make include in ps7_cortexa9_0/libsrc/xadcps_v2_1/src"
make -C ps7_cortexa9_0/libsrc/xadcps_v2_1/src -s include  "SHELL=CMD" "COMPILER=arm-xilinx-eabi-gcc" "ARCHIVER=arm-xilinx-eabi-ar" "COMPILER_FLAGS=  -O2 -c" "EXTRA_COMPILER_FLAGS=-g"
"Running Make libs in ps7_cortexa9_0/libsrc/cpu_cortexa9_v2_1/src"
make -C ps7_cortexa9_0/libsrc/cpu_cortexa9_v2_1/src -s libs  "SHELL=CMD" "COMPILER=arm-xilinx-eabi-gcc" "ARCHIVER=arm-xilinx-eabi-ar" "COMPILER_FLAGS=  -O2 -c" "EXTRA_COMPILER_FLAGS=-g"
"Compiling cpu_cortexa9"
"Running Make libs in ps7_cortexa9_0/libsrc/devcfg_v3_2/src"
make -C ps7_cortexa9_0/libsrc/devcfg_v3_2/src -s libs  "SHELL=CMD" "COMPILER=arm-xilinx-eabi-gcc" "ARCHIVER=arm-xilinx-eabi-ar" "COMPILER_FLAGS=  -O2 -c" "EXTRA_COMPILER_FLAGS=-g"
"Compiling devcfg"
"Running Make libs in ps7_cortexa9_0/libsrc/dmaps_v2_1/src"
make -C ps7_cortexa9_0/libsrc/dmaps_v2_1/src -s libs  "SHELL=CMD" "COMPILER=arm-xilinx-eabi-gcc" "ARCHIVER=arm-xilinx-eabi-ar" "COMPILER_FLAGS=  -O2 -c" "EXTRA_COMPILER_FLAGS=-g"
"Compiling dmaps"
"Running Make libs in ps7_cortexa9_0/libsrc/iicps_v2_3/src"
make -C ps7_cortexa9_0/libsrc/iicps_v2_3/src -s libs  "SHELL=CMD" "COMPILER=arm-xilinx-eabi-gcc" "ARCHIVER=arm-xilinx-eabi-ar" "COMPILER_FLAGS=  -O2 -c" "EXTRA_COMPILER_FLAGS=-g"
"Compiling iicps"
"Running Make libs in ps7_cortexa9_0/libsrc/pushbutton_v1_0/src"
make -C ps7_cortexa9_0/libsrc/pushbutton_v1_0/src -s libs  "SHELL=CMD" "COMPILER=arm-xilinx-eabi-gcc" "ARCHIVER=arm-xilinx-eabi-ar" "COMPILER_FLAGS=  -O2 -c" "EXTRA_COMPILER_FLAGS=-g"
"Compiling pushbutton..."
"Running Make libs in ps7_cortexa9_0/libsrc/pwm_gen_v1_0/src"
make -C ps7_cortexa9_0/libsrc/pwm_gen_v1_0/src -s libs  "SHELL=CMD" "COMPILER=arm-xilinx-eabi-gcc" "ARCHIVER=arm-xilinx-eabi-ar" "COMPILER_FLAGS=  -O2 -c" "EXTRA_COMPILER_FLAGS=-g"
"Compiling pwm_gen..."
"Running Make libs in ps7_cortexa9_0/libsrc/scugic_v2_1/src"
make -C ps7_cortexa9_0/libsrc/scugic_v2_1/src -s libs  "SHELL=CMD" "COMPILER=arm-xilinx-eabi-gcc" "ARCHIVER=arm-xilinx-eabi-ar" "COMPILER_FLAGS=  -O2 -c" "EXTRA_COMPILER_FLAGS=-g"
"Compiling scugic"
"Running Make libs in ps7_cortexa9_0/libsrc/scutimer_v2_0/src"
make -C ps7_cortexa9_0/libsrc/scutimer_v2_0/src -s libs  "SHELL=CMD" "COMPILER=arm-xilinx-eabi-gcc" "ARCHIVER=arm-xilinx-eabi-ar" "COMPILER_FLAGS=  -O2 -c" "EXTRA_COMPILER_FLAGS=-g"
"Compiling scutimer"
"Running Make libs in ps7_cortexa9_0/libsrc/scuwdt_v2_0/src"
make -C ps7_cortexa9_0/libsrc/scuwdt_v2_0/src -s libs  "SHELL=CMD" "COMPILER=arm-xilinx-eabi-gcc" "ARCHIVER=arm-xilinx-eabi-ar" "COMPILER_FLAGS=  -O2 -c" "EXTRA_COMPILER_FLAGS=-g"
"Compiling scuwdt"
"Running Make libs in ps7_cortexa9_0/libsrc/seven_seg_v1_0/src"
make -C ps7_cortexa9_0/libsrc/seven_seg_v1_0/src -s libs  "SHELL=CMD" "COMPILER=arm-xilinx-eabi-gcc" "ARCHIVER=arm-xilinx-eabi-ar" "COMPILER_FLAGS=  -O2 -c" "EXTRA_COMPILER_FLAGS=-g"
"Compiling seven_seg..."
"Running Make libs in ps7_cortexa9_0/libsrc/standalone_v4_2/src"
make -C ps7_cortexa9_0/libsrc/standalone_v4_2/src -s libs  "SHELL=CMD" "COMPILER=arm-xilinx-eabi-gcc" "ARCHIVER=arm-xilinx-eabi-ar" "COMPILER_FLAGS=  -O2 -c" "EXTRA_COMPILER_FLAGS=-g"
"Compiling standalone"
"Running Make libs in ps7_cortexa9_0/libsrc/textlcd_v1_0/src"
make -C ps7_cortexa9_0/libsrc/textlcd_v1_0/src -s libs  "SHELL=CMD" "COMPILER=arm-xilinx-eabi-gcc" "ARCHIVER=arm-xilinx-eabi-ar" "COMPILER_FLAGS=  -O2 -c" "EXTRA_COMPILER_FLAGS=-g"
"Compiling textlcd..."
"Running Make libs in ps7_cortexa9_0/libsrc/uartps_v2_2/src"
make -C ps7_cortexa9_0/libsrc/uartps_v2_2/src -s libs  "SHELL=CMD" "COMPILER=arm-xilinx-eabi-gcc" "ARCHIVER=arm-xilinx-eabi-ar" "COMPILER_FLAGS=  -O2 -c" "EXTRA_COMPILER_FLAGS=-g"
"Compiling uartps"
"Running Make libs in ps7_cortexa9_0/libsrc/xadcps_v2_1/src"
make -C ps7_cortexa9_0/libsrc/xadcps_v2_1/src -s libs  "SHELL=CMD" "COMPILER=arm-xilinx-eabi-gcc" "ARCHIVER=arm-xilinx-eabi-ar" "COMPILER_FLAGS=  -O2 -c" "EXTRA_COMPILER_FLAGS=-g"
"Compiling xadcps"
'Finished building libraries'
11:02:34 **** Auto Build of configuration Debug for project ps_termproj ****
make all 
'Building file: ../src/helloworld.c'
'Invoking: ARM gcc compiler'
arm-xilinx-eabi-gcc -Wall -O0 -g3 -c -fmessage-length=0 -MT"src/helloworld.o" -I../../ps_termproj_bsp/ps7_cortexa9_0/include -MMD -MP -MF"src/helloworld.d" -MT"src/helloworld.d" -o "src/helloworld.o" "../src/helloworld.c"
../src/helloworld.c: In function 'main':
../src/helloworld.c:100:2: warning: "/*" within comment [-Wcomment]
  /*
 ^
../src/helloworld.c:112:14: warning: 'SendBuffer' may be used uninitialized in this function [-Wmaybe-uninitialized]
    IicStatus = ReadRTC(Iic, SendBuffer, RecvBuffer, 0x02, 7);
              ^
'Finished building: ../src/helloworld.c'
' '
'Building file: ../src/platform.c'
'Invoking: ARM gcc compiler'
arm-xilinx-eabi-gcc -Wall -O0 -g3 -c -fmessage-length=0 -MT"src/platform.o" -I../../ps_termproj_bsp/ps7_cortexa9_0/include -MMD -MP -MF"src/platform.d" -MT"src/platform.d" -o "src/platform.o" "../src/platform.c"
'Finished building: ../src/platform.c'
' '
'Building target: ps_termproj.elf'
'Invoking: ARM gcc linker'
arm-xilinx-eabi-gcc -Wl,-T -Wl,../src/lscript.ld -L../../ps_termproj_bsp/ps7_cortexa9_0/lib -o "ps_termproj.elf"  ./src/helloworld.o ./src/platform.o   -Wl,--start-group,-lxil,-lgcc,-lc,--end-group
'Finished building target: ps_termproj.elf'
' '
'Invoking: ARM Print Size'
arm-xilinx-eabi-size ps_termproj.elf  |tee "ps_termproj.elf.size"
   text	   data	    bss	    dec	    hex	filename
  41032	   2976	  22660	  66668	  1046c	ps_termproj.elf
'Finished building: ps_termproj.elf.size'
' '
11:02:57 **** Clean-only build of project ps_termproj_bsp ****
make -k clean 
rm -f ps7_cortexa9_0/lib/libxil.a
11:02:57 **** Build of project ps_termproj_bsp ****
make -k all 
"Running Make include in ps7_cortexa9_0/libsrc/cpu_cortexa9_v2_1/src"
make -C ps7_cortexa9_0/libsrc/cpu_cortexa9_v2_1/src -s include  "SHELL=CMD" "COMPILER=arm-xilinx-eabi-gcc" "ARCHIVER=arm-xilinx-eabi-ar" "COMPILER_FLAGS=  -O2 -c" "EXTRA_COMPILER_FLAGS=-g"
"Running Make include in ps7_cortexa9_0/libsrc/devcfg_v3_2/src"
make -C ps7_cortexa9_0/libsrc/devcfg_v3_2/src -s include  "SHELL=CMD" "COMPILER=arm-xilinx-eabi-gcc" "ARCHIVER=arm-xilinx-eabi-ar" "COMPILER_FLAGS=  -O2 -c" "EXTRA_COMPILER_FLAGS=-g"
"Running Make include in ps7_cortexa9_0/libsrc/dmaps_v2_1/src"
make -C ps7_cortexa9_0/libsrc/dmaps_v2_1/src -s include  "SHELL=CMD" "COMPILER=arm-xilinx-eabi-gcc" "ARCHIVER=arm-xilinx-eabi-ar" "COMPILER_FLAGS=  -O2 -c" "EXTRA_COMPILER_FLAGS=-g"
"Running Make include in ps7_cortexa9_0/libsrc/iicps_v2_3/src"
make -C ps7_cortexa9_0/libsrc/iicps_v2_3/src -s include  "SHELL=CMD" "COMPILER=arm-xilinx-eabi-gcc" "ARCHIVER=arm-xilinx-eabi-ar" "COMPILER_FLAGS=  -O2 -c" "EXTRA_COMPILER_FLAGS=-g"
"Running Make include in ps7_cortexa9_0/libsrc/pushbutton_v1_0/src"
make -C ps7_cortexa9_0/libsrc/pushbutton_v1_0/src -s include  "SHELL=CMD" "COMPILER=arm-xilinx-eabi-gcc" "ARCHIVER=arm-xilinx-eabi-ar" "COMPILER_FLAGS=  -O2 -c" "EXTRA_COMPILER_FLAGS=-g"
"Running Make include in ps7_cortexa9_0/libsrc/pwm_gen_v1_0/src"
make -C ps7_cortexa9_0/libsrc/pwm_gen_v1_0/src -s include  "SHELL=CMD" "COMPILER=arm-xilinx-eabi-gcc" "ARCHIVER=arm-xilinx-eabi-ar" "COMPILER_FLAGS=  -O2 -c" "EXTRA_COMPILER_FLAGS=-g"
"Running Make include in ps7_cortexa9_0/libsrc/scugic_v2_1/src"
make -C ps7_cortexa9_0/libsrc/scugic_v2_1/src -s include  "SHELL=CMD" "COMPILER=arm-xilinx-eabi-gcc" "ARCHIVER=arm-xilinx-eabi-ar" "COMPILER_FLAGS=  -O2 -c" "EXTRA_COMPILER_FLAGS=-g"
"Running Make include in ps7_cortexa9_0/libsrc/scutimer_v2_0/src"
make -C ps7_cortexa9_0/libsrc/scutimer_v2_0/src -s include  "SHELL=CMD" "COMPILER=arm-xilinx-eabi-gcc" "ARCHIVER=arm-xilinx-eabi-ar" "COMPILER_FLAGS=  -O2 -c" "EXTRA_COMPILER_FLAGS=-g"
"Running Make include in ps7_cortexa9_0/libsrc/scuwdt_v2_0/src"
make -C ps7_cortexa9_0/libsrc/scuwdt_v2_0/src -s include  "SHELL=CMD" "COMPILER=arm-xilinx-eabi-gcc" "ARCHIVER=arm-xilinx-eabi-ar" "COMPILER_FLAGS=  -O2 -c" "EXTRA_COMPILER_FLAGS=-g"
"Running Make include in ps7_cortexa9_0/libsrc/seven_seg_v1_0/src"
make -C ps7_cortexa9_0/libsrc/seven_seg_v1_0/src -s include  "SHELL=CMD" "COMPILER=arm-xilinx-eabi-gcc" "ARCHIVER=arm-xilinx-eabi-ar" "COMPILER_FLAGS=  -O2 -c" "EXTRA_COMPILER_FLAGS=-g"
"Running Make include in ps7_cortexa9_0/libsrc/standalone_v4_2/src"
[...]
make: `all'를 위해 할 일이 없습니다
15:54:56 **** Incremental Build of configuration Debug for project ps_termproj ****
make all 
make: `all'를 위해 할 일이 없습니다
16:33:13 **** Incremental Build of configuration Debug for project ps_termproj ****
make all 
make: `all'를 위해 할 일이 없습니다
16:33:38 **** Incremental Build of configuration Debug for project ps_termproj ****
make all 
make: `all'를 위해 할 일이 없습니다
10:05:33 **** Auto Build of project ps_termproj_bsp ****
make -k all 
"Running Make include in ps7_cortexa9_0/libsrc/cpu_cortexa9_v2_1/src"
make -C ps7_cortexa9_0/libsrc/cpu_cortexa9_v2_1/src -s include  "SHELL=CMD" "COMPILER=arm-xilinx-eabi-gcc" "ARCHIVER=arm-xilinx-eabi-ar" "COMPILER_FLAGS=  -O2 -c" "EXTRA_COMPILER_FLAGS=-g"
"Running Make include in ps7_cortexa9_0/libsrc/devcfg_v3_2/src"
make -C ps7_cortexa9_0/libsrc/devcfg_v3_2/src -s include  "SHELL=CMD" "COMPILER=arm-xilinx-eabi-gcc" "ARCHIVER=arm-xilinx-eabi-ar" "COMPILER_FLAGS=  -O2 -c" "EXTRA_COMPILER_FLAGS=-g"
"Running Make include in ps7_cortexa9_0/libsrc/dmaps_v2_1/src"
make -C ps7_cortexa9_0/libsrc/dmaps_v2_1/src -s include  "SHELL=CMD" "COMPILER=arm-xilinx-eabi-gcc" "ARCHIVER=arm-xilinx-eabi-ar" "COMPILER_FLAGS=  -O2 -c" "EXTRA_COMPILER_FLAGS=-g"
"Running Make include in ps7_cortexa9_0/libsrc/iicps_v2_3/src"
make -C ps7_cortexa9_0/libsrc/iicps_v2_3/src -s include  "SHELL=CMD" "COMPILER=arm-xilinx-eabi-gcc" "ARCHIVER=arm-xilinx-eabi-ar" "COMPILER_FLAGS=  -O2 -c" "EXTRA_COMPILER_FLAGS=-g"
"Running Make include in ps7_cortexa9_0/libsrc/pushbutton_v1_0/src"
make -C ps7_cortexa9_0/libsrc/pushbutton_v1_0/src -s include  "SHELL=CMD" "COMPILER=arm-xilinx-eabi-gcc" "ARCHIVER=arm-xilinx-eabi-ar" "COMPILER_FLAGS=  -O2 -c" "EXTRA_COMPILER_FLAGS=-g"
"Running Make include in ps7_cortexa9_0/libsrc/pwm_gen_v1_0/src"
make -C ps7_cortexa9_0/libsrc/pwm_gen_v1_0/src -s include  "SHELL=CMD" "COMPILER=arm-xilinx-eabi-gcc" "ARCHIVER=arm-xilinx-eabi-ar" "COMPILER_FLAGS=  -O2 -c" "EXTRA_COMPILER_FLAGS=-g"
"Running Make include in ps7_cortexa9_0/libsrc/scugic_v2_1/src"
make -C ps7_cortexa9_0/libsrc/scugic_v2_1/src -s include  "SHELL=CMD" "COMPILER=arm-xilinx-eabi-gcc" "ARCHIVER=arm-xilinx-eabi-ar" "COMPILER_FLAGS=  -O2 -c" "EXTRA_COMPILER_FLAGS=-g"
"Running Make include in ps7_cortexa9_0/libsrc/scutimer_v2_0/src"
make -C ps7_cortexa9_0/libsrc/scutimer_v2_0/src -s include  "SHELL=CMD" "COMPILER=arm-xilinx-eabi-gcc" "ARCHIVER=arm-xilinx-eabi-ar" "COMPILER_FLAGS=  -O2 -c" "EXTRA_COMPILER_FLAGS=-g"
"Running Make include in ps7_cortexa9_0/libsrc/scuwdt_v2_0/src"
make -C ps7_cortexa9_0/libsrc/scuwdt_v2_0/src -s include  "SHELL=CMD" "COMPILER=arm-xilinx-eabi-gcc" "ARCHIVER=arm-xilinx-eabi-ar" "COMPILER_FLAGS=  -O2 -c" "EXTRA_COMPILER_FLAGS=-g"
"Running Make include in ps7_cortexa9_0/libsrc/seven_seg_v1_0/src"
make -C ps7_cortexa9_0/libsrc/seven_seg_v1_0/src -s include  "SHELL=CMD" "COMPILER=arm-xilinx-eabi-gcc" "ARCHIVER=arm-xilinx-eabi-ar" "COMPILER_FLAGS=  -O2 -c" "EXTRA_COMPILER_FLAGS=-g"
"Running Make include in ps7_cortexa9_0/libsrc/standalone_v4_2/src"
make -C ps7_cortexa9_0/libsrc/standalone_v4_2/src -s include  "SHELL=CMD" "COMPILER=arm-xilinx-eabi-gcc" "ARCHIVER=arm-xilinx-eabi-ar" "COMPILER_FLAGS=  -O2 -c" "EXTRA_COMPILER_FLAGS=-g"
"Running Make include in ps7_cortexa9_0/libsrc/textlcd_v1_0/src"
make -C ps7_cortexa9_0/libsrc/textlcd_v1_0/src -s include  "SHELL=CMD" "COMPILER=arm-xilinx-eabi-gcc" "ARCHIVER=arm-xilinx-eabi-ar" "COMPILER_FLAGS=  -O2 -c" "EXTRA_COMPILER_FLAGS=-g"
"Running Make include in ps7_cortexa9_0/libsrc/uartps_v2_2/src"
make -C ps7_cortexa9_0/libsrc/uartps_v2_2/src -s include  "SHELL=CMD" "COMPILER=arm-xilinx-eabi-gcc" "ARCHIVER=arm-xilinx-eabi-ar" "COMPILER_FLAGS=  -O2 -c" "EXTRA_COMPILER_FLAGS=-g"
"Running Make include in ps7_cortexa9_0/libsrc/xadcps_v2_1/src"
make -C ps7_cortexa9_0/libsrc/xadcps_v2_1/src -s include  "SHELL=CMD" "COMPILER=arm-xilinx-eabi-gcc" "ARCHIVER=arm-xilinx-eabi-ar" "COMPILER_FLAGS=  -O2 -c" "EXTRA_COMPILER_FLAGS=-g"
"Running Make libs in ps7_cortexa9_0/libsrc/cpu_cortexa9_v2_1/src"
make -C ps7_cortexa9_0/libsrc/cpu_cortexa9_v2_1/src -s libs  "SHELL=CMD" "COMPILER=arm-xilinx-eabi-gcc" "ARCHIVER=arm-xilinx-eabi-ar" "COMPILER_FLAGS=  -O2 -c" "EXTRA_COMPILER_FLAGS=-g"
"Compiling cpu_cortexa9"
"Running Make libs in ps7_cortexa9_0/libsrc/devcfg_v3_2/src"
make -C ps7_cortexa9_0/libsrc/devcfg_v3_2/src -s libs  "SHELL=CMD" "COMPILER=arm-xilinx-eabi-gcc" "ARCHIVER=arm-xilinx-eabi-ar" "COMPILER_FLAGS=  -O2 -c" "EXTRA_COMPILER_FLAGS=-g"
"Compiling devcfg"
process_begin: CreateProcess(NULL, arm-xilinx-eabi-gcc -O2 -c -g -I./. -I../../../include -o xdevcfg.o xdevcfg.c, ...) failed.
make (e=2): 지정된 파일을 찾을 수 없습니다.

make[1]: *** [xdevcfg.o] 오류 2
process_begin: CreateProcess(NULL, arm-xilinx-eabi-gcc -O2 -c -g -I./. -I../../../include -o xdevcfg_g.o xdevcfg_g.c, ...) failed.
make (e=2): 지정된 파일을 찾을 수 없습니다.

make[1]: *** [xdevcfg_g.o] 오류 2
process_begin: CreateProcess(NULL, arm-xilinx-eabi-gcc -O2 -c -g -I./. -I../../../include -o xdevcfg_hw.o xdevcfg_hw.c, ...) failed.
make (e=2): 지정된 파일을 찾을 수 없습니다.

make[1]: *** [xdevcfg_hw.o] 오류 2
process_begin: CreateProcess(NULL, arm-xilinx-eabi-gcc -O2 -c -g -I./. -I../../../include -o xdevcfg_intr.o xdevcfg_intr.c, ...) failed.
make (e=2): 지정된 파일을 찾을 수 없습니다.

make[1]: *** [xdevcfg_intr.o] 오류 2
process_begin: CreateProcess(NULL, arm-xilinx-eabi-gcc -O2 -c -g -I./. -I../../../include -o xdevcfg_selftest.o xdevcfg_selftest.c, ...) failed.
make (e=2): 지정된 파일을 찾을 수 없습니다.

make[1]: *** [xdevcfg_selftest.o] 오류 2
process_begin: CreateProcess(NULL, arm-xilinx-eabi-gcc -O2 -c -g -I./. -I../../../include -o xdevcfg_sinit.o xdevcfg_sinit.c, ...) failed.
make (e=2): 지정된 파일을 찾을 수 없습니다.

make[1]: *** [xdevcfg_sinit.o] 오류 2
make[1]: 오류로 인해 타겟 `libs'를 다시 만들지 못했습니다.
make: *** [ps7_cortexa9_0/libsrc/devcfg_v3_2/src/make.libs] 오류 2
"Running Make libs in ps7_cortexa9_0/libsrc/dmaps_v2_1/src"
make -C ps7_cortexa9_0/libsrc/dmaps_v2_1/src -s libs  "SHELL=CMD" "COMPILER=arm-xilinx-eabi-gcc" "ARCHIVER=arm-xilinx-eabi-ar" "COMPILER_FLAGS=  -O2 -c" "EXTRA_COMPILER_FLAGS=-g"
"Compiling dmaps"
process_begin: CreateProcess(NULL, arm-xilinx-eabi-gcc -O2 -c -g -I./. -I../../../include -o xdmaps.o xdmaps.c, ...) failed.
make (e=2): 지정된 파일을 찾을 수 없습니다.

make[1]: *** [xdmaps.o] 오류 2
process_begin: CreateProcess(NULL, arm-xilinx-eabi-gcc -O2 -c -g -I./. -I../../../include -o xdmaps_g.o xdmaps_g.c, ...) failed.
make (e=2): 지정된 파일을 찾을 수 없습니다.

make[1]: *** [xdmaps_g.o] 오류 2
process_begin: CreateProcess(NULL, arm-xilinx-eabi-gcc -O2 -c -g -I./. -I../../../include -o xdmaps_hw.o xdmaps_hw.c, ...) failed.
make (e=2): 지정된 파일을 찾을 수 없습니다.

make[1]: *** [xdmaps_hw.o] 오류 2
process_begin: CreateProcess(NULL, arm-xilinx-eabi-gcc -O2 -c -g -I./. -I../../../include -o xdmaps_selftest.o xdmaps_selftest.c, ...) failed.
make (e=2): 지정된 파일을 찾을 수 없습니다.

make[1]: *** [xdmaps_selftest.o] 오류 2
process_begin: CreateProcess(NULL, arm-xilinx-eabi-gcc -O2 -c -g -I./. -I../../../include -o xdmaps_sinit.o xdmaps_sinit.c, ...) failed.
make (e=2): 지정된 파일을 찾을 수 없습니다.

make[1]: *** [xdmaps_sinit.o] 오류 2
make[1]: 오류로 인해 타겟 `libs'를 다시 만들지 못했습니다.
make: *** [ps7_cortexa9_0/libsrc/dmaps_v2_1/src/make.libs] 오류 2
"Running Make libs in ps7_cortexa9_0/libsrc/iicps_v2_3/src"
make -C ps7_cortexa9_0/libsrc/iicps_v2_3/src -s libs  "SHELL=CMD" "COMPILER=arm-xilinx-eabi-gcc" "ARCHIVER=arm-xilinx-eabi-ar" "COMPILER_FLAGS=  -O2 -c" "EXTRA_COMPILER_FLAGS=-g"
"Compiling iicps"
process_begin: CreateProcess(NULL, arm-xilinx-eabi-gcc -O2 -c -g -I./. -I../../../include -o xiicps.o xiicps.c, ...) failed.
make (e=2): 지정된 파일을 찾을 수 없습니다.

make[1]: *** [xiicps.o] 오류 2
process_begin: CreateProcess(NULL, arm-xilinx-eabi-gcc -O2 -c -g -I./. -I../../../include -o xiicps_g.o xiicps_g.c, ...) failed.
make (e=2): 지정된 파일을 찾을 수 없습니다.

make[1]: *** [xiicps_g.o] 오류 2
process_begin: CreateProcess(NULL, arm-xilinx-eabi-gcc -O2 -c -g -I./. -I../../../include -o xiicps_hw.o xiicps_hw.c, ...) failed.
make (e=2): 지정된 파일을 찾을 수 없습니다.

make[1]: *** [xiicps_hw.o] 오류 2
process_begin: CreateProcess(NULL, arm-xilinx-eabi-gcc -O2 -c -g -I./. -I../../../include -o xiicps_intr.o xiicps_intr.c, ...) failed.
make (e=2): 지정된 파일을 찾을 수 없습니다.

make[1]: *** [xiicps_intr.o] 오류 2
process_begin: CreateProcess(NULL, arm-xilinx-eabi-gcc -O2 -c -g -I./. -I../../../include -o xiicps_master.o xiicps_master.c, ...) failed.
make (e=2): 지정된 파일을 찾을 수 없습니다.

make[1]: *** [xiicps_master.o] 오류 2
process_begin: CreateProcess(NULL, arm-xilinx-eabi-gcc -O2 -c -g -I./. -I../../../include -o xiicps_options.o xiicps_options.c, ...) failed.
make (e=2): 지정된 파일을 찾을 수 없습니다.

make[1]: *** [xiicps_options.o] 오류 2
process_begin: CreateProcess(NULL, arm-xilinx-eabi-gcc -O2 -c -g -I./. -I../../../include -o xiicps_selftest.o xiicps_selftest.c, ...) failed.
make (e=2): 지정된 파일을 찾을 수 없습니다.

make[1]: *** [xiicps_selftest.o] 오류 2
process_begin: CreateProcess(NULL, arm-xilinx-eabi-gcc -O2 -c -g -I./. -I../../../include -o xiicps_sinit.o xiicps_sinit.c, ...) failed.
make (e=2): 지정된 파일을 찾을 수 없습니다.

make[1]: *** [xiicps_sinit.o] 오류 2
process_begin: CreateProcess(NULL, arm-xilinx-eabi-gcc -O2 -c -g -I./. -I../../../include -o xiicps_slave.o xiicps_slave.c, ...) failed.
make (e=2): 지정된 파일을 찾을 수 없습니다.

make[1]: *** [xiicps_slave.o] 오류 2
make[1]: 오류로 인해 타겟 `libs'를 다시 만들지 못했습니다.
make: *** [ps7_cortexa9_0/libsrc/iicps_v2_3/src/make.libs] 오류 2
"Running Make libs in ps7_cortexa9_0/libsrc/pushbutton_v1_0/src"
make -C ps7_cortexa9_0/libsrc/pushbutton_v1_0/src -s libs  "SHELL=CMD" "COMPILER=arm-xilinx-eabi-gcc" "ARCHIVER=arm-xilinx-eabi-ar" "COMPILER_FLAGS=  -O2 -c" "EXTRA_COMPILER_FLAGS=-g"
"Compiling pushbutton..."
process_begin: CreateProcess(NULL, arm-xilinx-eabi-gcc -O2 -c -g -I./. -I../../../include *.c, ...) failed.
make (e=2): 지정된 파일을 찾을 수 없습니다.

make[1]: *** [libs] 오류 2
make: *** [ps7_cortexa9_0/libsrc/pushbutton_v1_0/src/make.libs] 오류 2
"Running Make libs in ps7_cortexa9_0/libsrc/pwm_gen_v1_0/src"
make -C ps7_cortexa9_0/libsrc/pwm_gen_v1_0/src -s libs  "SHELL=CMD" "COMPILER=arm-xilinx-eabi-gcc" "ARCHIVER=arm-xilinx-eabi-ar" "COMPILER_FLAGS=  -O2 -c" "EXTRA_COMPILER_FLAGS=-g"
"Compiling pwm_gen..."
process_begin: CreateProcess(NULL, arm-xilinx-eabi-gcc -O2 -c -g -I./. -I../../../include *.c, ...) failed.
make (e=2): 지정된 파일을 찾을 수 없습니다.

make[1]: *** [libs] 오류 2
make: *** [ps7_cortexa9_0/libsrc/pwm_gen_v1_0/src/make.libs] 오류 2
"Running Make libs in ps7_cortexa9_0/libsrc/scugic_v2_1/src"
make -C ps7_cortexa9_0/libsrc/scugic_v2_1/src -s libs  "SHELL=CMD" "COMPILER=arm-xilinx-eabi-gcc" "ARCHIVER=arm-xilinx-eabi-ar" "COMPILER_FLAGS=  -O2 -c" "EXTRA_COMPILER_FLAGS=-g"
"Compiling scugic"
process_begin: CreateProcess(NULL, arm-xilinx-eabi-gcc -O2 -c -g -I./. -I../../../include -o xscugic.o xscugic.c, ...) failed.
make (e=2): 지정된 파일을 찾을 수 없습니다.

make[1]: *** [xscugic.o] 오류 2
process_begin: CreateProcess(NULL, arm-xilinx-eabi-gcc -O2 -c -g -I./. -I../../../include -o xscugic_g.o xscugic_g.c, ...) failed.
make (e=2): 지정된 파일을 찾을 수 없습니다.

make[1]: *** [xscugic_g.o] 오류 2
process_begin: CreateProcess(NULL, arm-xilinx-eabi-gcc -O2 -c -g -I./. -I../../../include -o xscugic_hw.o xscugic_hw.c, ...) failed.
make (e=2): 지정된 파일을 찾을 수 없습니다.

make[1]: *** [xscugic_hw.o] 오류 2
process_begin: CreateProcess(NULL, arm-xilinx-eabi-gcc -O2 -c -g -I./. -I../../../include -o xscugic_intr.o xscugic_intr.c, ...) failed.
make (e=2): 지정된 파일을 찾을 수 없습니다.

make[1]: *** [xscugic_intr.o] 오류 2
process_begin: CreateProcess(NULL, arm-xilinx-eabi-gcc -O2 -c -g -I./. -I../../../include -o xscugic_selftest.o xscugic_selftest.c, ...) failed.
make (e=2): 지정된 파일을 찾을 수 없습니다.

make[1]: *** [xscugic_selftest.o] 오류 2
process_begin: CreateProcess(NULL, arm-xilinx-eabi-gcc -O2 -c -g -I./. -I../../../include -o xscugic_sinit.o xscugic_sinit.c, ...) failed.
make (e=2): 지정된 파일을 찾을 수 없습니다.

make[1]: *** [xscugic_sinit.o] 오류 2
make[1]: 오류로 인해 타겟 `libs'를 다시 만들지 못했습니다.
make: *** [ps7_cortexa9_0/libsrc/scugic_v2_1/src/make.libs] 오류 2
"Running Make libs in ps7_cortexa9_0/libsrc/scutimer_v2_0/src"
make -C ps7_cortexa9_0/libsrc/scutimer_v2_0/src -s libs  "SHELL=CMD" "COMPILER=arm-xilinx-eabi-gcc" "ARCHIVER=arm-xilinx-eabi-ar" "COMPILER_FLAGS=  -O2 -c" "EXTRA_COMPILER_FLAGS=-g"
"Compiling scutimer"
process_begin: CreateProcess(NULL, arm-xilinx-eabi-gcc -O2 -c -g -I./. -I../../../include -o xscutimer.o xscutimer.c, ...) failed.
make (e=2): 지정된 파일을 찾을 수 없습니다.

make[1]: *** [xscutimer.o] 오류 2
process_begin: CreateProcess(NULL, arm-xilinx-eabi-gcc -O2 -c -g -I./. -I../../../include -o xscutimer_g.o xscutimer_g.c, ...) failed.
make (e=2): 지정된 파일을 찾을 수 없습니다.

make[1]: *** [xscutimer_g.o] 오류 2
process_begin: CreateProcess(NULL, arm-xilinx-eabi-gcc -O2 -c -g -I./. -I../../../include -o xscutimer_selftest.o xscutimer_selftest.c, ...) failed.
make (e=2): 지정된 파일을 찾을 수 없습니다.

make[1]: *** [xscutimer_selftest.o] 오류 2
process_begin: CreateProcess(NULL, arm-xilinx-eabi-gcc -O2 -c -g -I./. -I../../../include -o xscutimer_sinit.o xscutimer_sinit.c, ...) failed.
make (e=2): 지정된 파일을 찾을 수 없습니다.

make[1]: *** [xscutimer_sinit.o] 오류 2
make[1]: 오류로 인해 타겟 `libs'를 다시 만들지 못했습니다.
make: *** [ps7_cortexa9_0/libsrc/scutimer_v2_0/src/make.libs] 오류 2
"Running Make libs in ps7_cortexa9_0/libsrc/scuwdt_v2_0/src"
make -C ps7_cortexa9_0/libsrc/scuwdt_v2_0/src -s libs  "SHELL=CMD" "COMPILER=arm-xilinx-eabi-gcc" "ARCHIVER=arm-xilinx-eabi-ar" "COMPILER_FLAGS=  -O2 -c" "EXTRA_COMPILER_FLAGS=-g"
"Compiling scuwdt"
process_begin: CreateProcess(NULL, arm-xilinx-eabi-gcc -O2 -c -g -I./. -I../../../include -o xscuwdt.o xscuwdt.c, ...) failed.
make (e=2): 지정된 파일을 찾을 수 없습니다.

make[1]: *** [xscuwdt.o] 오류 2
process_begin: CreateProcess(NULL, arm-xilinx-eabi-gcc -O2 -c -g -I./. -I../../../include -o xscuwdt_g.o xscuwdt_g.c, ...) failed.
make (e=2): 지정된 파일을 찾을 수 없습니다.

make[1]: *** [xscuwdt_g.o] 오류 2
process_begin: CreateProcess(NULL, arm-xilinx-eabi-gcc -O2 -c -g -I./. -I../../../include -o xscuwdt_selftest.o xscuwdt_selftest.c, ...) failed.
make (e=2): 지정된 파일을 찾을 수 없습니다.

make[1]: *** [xscuwdt_selftest.o] 오류 2
process_begin: CreateProcess(NULL, arm-xilinx-eabi-gcc -O2 -c -g -I./. -I../../../include -o xscuwdt_sinit.o xscuwdt_sinit.c, ...) failed.
make (e=2): 지정된 파일을 찾을 수 없습니다.

make[1]: *** [xscuwdt_sinit.o] 오류 2
make[1]: 오류로 인해 타겟 `libs'를 다시 만들지 못했습니다.
make: *** [ps7_cortexa9_0/libsrc/scuwdt_v2_0/src/make.libs] 오류 2
"Running Make libs in ps7_cortexa9_0/libsrc/seven_seg_v1_0/src"
make -C ps7_cortexa9_0/libsrc/seven_seg_v1_0/src -s libs  "SHELL=CMD" "COMPILER=arm-xilinx-eabi-gcc" "ARCHIVER=arm-xilinx-eabi-ar" "COMPILER_FLAGS=  -O2 -c" "EXTRA_COMPILER_FLAGS=-g"
"Compiling seven_seg..."
process_begin: CreateProcess(NULL, arm-xilinx-eabi-gcc -O2 -c -g -I./. -I../../../include *.c, ...) failed.
make (e=2): 지정된 파일을 찾을 수 없습니다.

make[1]: *** [libs] 오류 2
make: *** [ps7_cortexa9_0/libsrc/seven_seg_v1_0/src/make.libs] 오류 2
"Running Make libs in ps7_cortexa9_0/libsrc/standalone_v4_2/src"
make -C ps7_cortexa9_0/libsrc/standalone_v4_2/src -s libs  "SHELL=CMD" "COMPILER=arm-xilinx-eabi-gcc" "ARCHIVER=arm-xilinx-eabi-ar" "COMPILER_FLAGS=  -O2 -c" "EXTRA_COMPILER_FLAGS=-g"
"Compiling standalone"
process_begin: CreateProcess(NULL, arm-xilinx-eabi-gcc -O2 -c -g -march=armv7-a -mfloat-abi=soft -mfpu=neon -I./. -I../../../include _exit.c _open.c _sbrk.c abort.c close.c errno.c fcntl.c fstat.c getpid.c inbyte.c isatty.c kill.c lseek.c open.c outbyte.c print.c putnum.c read.c sbrk.c sleep.c unlink.c usleep.c vectors.c write.c xil_assert.c xil_cache.c xil_exception.c xil_io.c xil_misc_psreset_api.c xil_mmu.c xil_printf.c xil_testcache.c xil_testio.c xil_testmem.c xl2cc_counter.c xpm_counter.c xtime_l.c asm_vectors.S boot.S cpu_init.S translation_table.s xil-crt0.S, ...) failed.
make (e=2): 지정된 파일을 찾을 수 없습니다.

make[1]: *** [standalone_libs] 오류 2
make[1]: 오류로 인해 타겟 `libs'를 다시 만들지 못했습니다.
make: *** [ps7_cortexa9_0/libsrc/standalone_v4_2/src/make.libs] 오류 2
"Running Make libs in ps7_cortexa9_0/libsrc/textlcd_v1_0/src"
make -C ps7_cortexa9_0/libsrc/textlcd_v1_0/src -s libs  "SHELL=CMD" "COMPILER=arm-xilinx-eabi-gcc" "ARCHIVER=arm-xilinx-eabi-ar" "COMPILER_FLAGS=  -O2 -c" "EXTRA_COMPILER_FLAGS=-g"
"Compiling textlcd..."
process_begin: CreateProcess(NULL, arm-xilinx-eabi-gcc -O2 -c -g -I./. -I../../../include *.c, ...) failed.
make (e=2): 지정된 파일을 찾을 수 없습니다.

make[1]: *** [libs] 오류 2
make: *** [ps7_cortexa9_0/libsrc/textlcd_v1_0/src/make.libs] 오류 2
"Running Make libs in ps7_cortexa9_0/libsrc/uartps_v2_2/src"
make -C ps7_cortexa9_0/libsrc/uartps_v2_2/src -s libs  "SHELL=CMD" "COMPILER=arm-xilinx-eabi-gcc" "ARCHIVER=arm-xilinx-eabi-ar" "COMPILER_FLAGS=  -O2 -c" "EXTRA_COMPILER_FLAGS=-g"
"Compiling uartps"
process_begin: CreateProcess(NULL, arm-xilinx-eabi-gcc -O2 -c -g -I./. -I../../../include -o xuartps.o xuartps.c, ...) failed.
make (e=2): 지정된 파일을 찾을 수 없습니다.

make[1]: *** [xuartps.o] 오류 2
process_begin: CreateProcess(NULL, arm-xilinx-eabi-gcc -O2 -c -g -I./. -I../../../include -o xuartps_g.o xuartps_g.c, ...) failed.
make (e=2): 지정된 파일을 찾을 수 없습니다.

make[1]: *** [xuartps_g.o] 오류 2
process_begin: CreateProcess(NULL, arm-xilinx-eabi-gcc -O2 -c -g -I./. -I../../../include -o xuartps_hw.o xuartps_hw.c, ...) failed.
make (e=2): 지정된 파일을 찾을 수 없습니다.

make[1]: *** [xuartps_hw.o] 오류 2
process_begin: CreateProcess(NULL, arm-xilinx-eabi-gcc -O2 -c -g -I./. -I../../../include -o xuartps_intr.o xuartps_intr.c, ...) failed.
make (e=2): 지정된 파일을 찾을 수 없습니다.

make[1]: *** [xuartps_intr.o] 오류 2
process_begin: CreateProcess(NULL, arm-xilinx-eabi-gcc -O2 -c -g -I./. -I../../../include -o xuartps_options.o xuartps_options.c, ...) failed.
make (e=2): 지정된 파일을 찾을 수 없습니다.

make[1]: *** [xuartps_options.o] 오류 2
process_begin: CreateProcess(NULL, arm-xilinx-eabi-gcc -O2 -c -g -I./. -I../../../include -o xuartps_selftest.o xuartps_selftest.c, ...) failed.
make (e=2): 지정된 파일을 찾을 수 없습니다.

make[1]: *** [xuartps_selftest.o] 오류 2
process_begin: CreateProcess(NULL, arm-xilinx-eabi-gcc -O2 -c -g -I./. -I../../../include -o xuartps_sinit.o xuartps_sinit.c, ...) failed.
make (e=2): 지정된 파일을 찾을 수 없습니다.

make[1]: *** [xuartps_sinit.o] 오류 2
make[1]: 오류로 인해 타겟 `libs'를 다시 만들지 못했습니다.
make: *** [ps7_cortexa9_0/libsrc/uartps_v2_2/src/make.libs] 오류 2
"Running Make libs in ps7_cortexa9_0/libsrc/xadcps_v2_1/src"
make -C ps7_cortexa9_0/libsrc/xadcps_v2_1/src -s libs  "SHELL=CMD" "COMPILER=arm-xilinx-eabi-gcc" "ARCHIVER=arm-xilinx-eabi-ar" "COMPILER_FLAGS=  -O2 -c" "EXTRA_COMPILER_FLAGS=-g"
"Compiling xadcps"
process_begin: CreateProcess(NULL, arm-xilinx-eabi-gcc -O2 -c -g -I./. -I../../../include -o xadcps.o xadcps.c, ...) failed.
make (e=2): 지정된 파일을 찾을 수 없습니다.

make[1]: *** [xadcps.o] 오류 2
process_begin: CreateProcess(NULL, arm-xilinx-eabi-gcc -O2 -c -g -I./. -I../../../include -o xadcps_g.o xadcps_g.c, ...) failed.
make (e=2): 지정된 파일을 찾을 수 없습니다.

make[1]: *** [xadcps_g.o] 오류 2
process_begin: CreateProcess(NULL, arm-xilinx-eabi-gcc -O2 -c -g -I./. -I../../../include -o xadcps_intr.o xadcps_intr.c, ...) failed.
make (e=2): 지정된 파일을 찾을 수 없습니다.

make[1]: *** [xadcps_intr.o] 오류 2
process_begin: CreateProcess(NULL, arm-xilinx-eabi-gcc -O2 -c -g -I./. -I../../../include -o xadcps_selftest.o xadcps_selftest.c, ...) failed.
make (e=2): 지정된 파일을 찾을 수 없습니다.

make[1]: *** [xadcps_selftest.o] 오류 2
process_begin: CreateProcess(NULL, arm-xilinx-eabi-gcc -O2 -c -g -I./. -I../../../include -o xadcps_sinit.o xadcps_sinit.c, ...) failed.
make (e=2): 지정된 파일을 찾을 수 없습니다.

make[1]: *** [xadcps_sinit.o] 오류 2
make[1]: 오류로 인해 타겟 `libs'를 다시 만들지 못했습니다.
make: *** [ps7_cortexa9_0/libsrc/xadcps_v2_1/src/make.libs] 오류 2
make: 오류로 인해 타겟 `all'를 다시 만들지 못했습니다.
10:05:50 **** Auto Build of configuration Debug for project ps_termproj ****
make all 
'Building file: ../src/helloworld.c'
'Invoking: ARM gcc compiler'
arm-xilinx-eabi-gcc -Wall -O0 -g3 -c -fmessage-length=0 -MT"src/helloworld.o" -I../../ps_termproj_bsp/ps7_cortexa9_0/include -MMD -MP -MF"src/helloworld.d" -MT"src/helloworld.o" -o "src/helloworld.o" "../src/helloworld.c"
'arm-xilinx-eabi-gcc'은(는) 내부 또는 외부 명령, 실행할 수 있는 프로그램, 또는
배치 파일이 아닙니다.
make: *** [src/helloworld.o] 오류 1
