19:54:40 **** Incremental Build of configuration Debug for project ps_digital_clock ****
make pre-build main-build 
a9-linaro-pre-build-step
' '
'Building file: ../src/main.c'
'Invoking: ARM v7 gcc compiler'
arm-none-eabi-gcc -Wall -O0 -g3 -c -fmessage-length=0 -MT"src/main.o" -mcpu=cortex-a9 -mfpu=vfpv3 -mfloat-abi=hard -I../../ps_digital_clock_bsp/ps7_cortexa9_0/include -MMD -MP -MF"src/main.d" -MT"src/main.o" -o "src/main.o" "../src/main.c"
../src/main.c: In function 'main':
../src/main.c:32:2: warning: implicit declaration of function 'sprintf' [-Wimplicit-function-declaration]
  sprintf(TlcdReg_upline, "Digital Clock   ");
  ^~~~~~~
../src/main.c:32:2: warning: incompatible implicit declaration of built-in function 'sprintf'
../src/main.c:32:2: note: include '<stdio.h>' or provide a declaration of 'sprintf'
../src/main.c:36:13: warning: 'SendBuffer' is used uninitialized in this function [-Wuninitialized]
   IicStatus = ReadRTC(Iic, SendBuffer, RecvBuffer);
   ~~~~~~~~~~^~~~~~~~~~~~~~~~~~~~~~~~~~~~~~~~~~~~~~
'Finished building: ../src/main.c'
' '
'Building target: ps_digital_clock.elf'
'Invoking: ARM v7 gcc linker'
arm-none-eabi-gcc -mcpu=cortex-a9 -mfpu=vfpv3 -mfloat-abi=hard -Wl,-build-id=none -specs=Xilinx.spec -Wl,-T -Wl,../src/lscript.ld -L../../ps_digital_clock_bsp/ps7_cortexa9_0/lib -o "ps_digital_clock.elf"  ./src/main.o   -Wl,--start-group,-lxil,-lgcc,-lc,--end-group
'Finished building target: ps_digital_clock.elf'
' '
'Invoking: ARM v7 Print Size'
arm-none-eabi-size ps_digital_clock.elf  |tee "ps_digital_clock.elf.size"
   text	   data	    bss	    dec	    hex	filename
  25948	   1164	  22584	  49696	   c220	ps_digital_clock.elf
'Finished building: ps_digital_clock.elf.size'
' '

19:54:42 Build Finished (took 1s.828ms)

